Component: ARM Compiler 6.14 Tool: armlink [5db06800]

==============================================================================

Section Cross References

    startup_stm32h503xx.o(STACK) refers (Special) to heapauxi.o(.text) for __use_two_region_memory
    startup_stm32h503xx.o(HEAP) refers (Special) to heapauxi.o(.text) for __use_two_region_memory
    startup_stm32h503xx.o(RESET) refers (Special) to heapauxi.o(.text) for __use_two_region_memory
    startup_stm32h503xx.o(RESET) refers to startup_stm32h503xx.o(STACK) for __initial_sp
    startup_stm32h503xx.o(RESET) refers to startup_stm32h503xx.o(.text) for Reset_Handler
    startup_stm32h503xx.o(RESET) refers to stm32h5xx_it.o(.text.NMI_Handler) for NMI_Handler
    startup_stm32h503xx.o(RESET) refers to stm32h5xx_it.o(.text.HardFault_Handler) for HardFault_Handler
    startup_stm32h503xx.o(RESET) refers to stm32h5xx_it.o(.text.MemManage_Handler) for MemManage_Handler
    startup_stm32h503xx.o(RESET) refers to stm32h5xx_it.o(.text.BusFault_Handler) for BusFault_Handler
    startup_stm32h503xx.o(RESET) refers to stm32h5xx_it.o(.text.UsageFault_Handler) for UsageFault_Handler
    startup_stm32h503xx.o(RESET) refers to stm32h5xx_it.o(.text.SVC_Handler) for SVC_Handler
    startup_stm32h503xx.o(RESET) refers to stm32h5xx_it.o(.text.DebugMon_Handler) for DebugMon_Handler
    startup_stm32h503xx.o(RESET) refers to stm32h5xx_it.o(.text.PendSV_Handler) for PendSV_Handler
    startup_stm32h503xx.o(RESET) refers to stm32h5xx_it.o(.text.SysTick_Handler) for SysTick_Handler
    startup_stm32h503xx.o(.text) refers (Special) to heapauxi.o(.text) for __use_two_region_memory
    startup_stm32h503xx.o(.text) refers to system_stm32h5xx.o(.text.SystemInit) for SystemInit
    startup_stm32h503xx.o(.text) refers to __main.o(!!!main) for __main
    startup_stm32h503xx.o(.text) refers to startup_stm32h503xx.o(HEAP) for Heap_Mem
    startup_stm32h503xx.o(.text) refers to startup_stm32h503xx.o(STACK) for Stack_Mem
    socket.o(.text.socket) refers to w5500.o(.text.WIZCHIP_WRITE) for WIZCHIP_WRITE
    socket.o(.text.socket) refers to w5500.o(.text.WIZCHIP_READ) for WIZCHIP_READ
    socket.o(.text.socket) refers to socket.o(.bss..L_MergedGlobals) for .L_MergedGlobals
    socket.o(.text.socket) refers to w5500.o(.text.WIZCHIP_READ_BUF) for WIZCHIP_READ_BUF
    socket.o(.text.socket) refers to socket.o(.data.sock_any_port) for sock_any_port
    socket.o(.ARM.exidx.text.socket) refers to socket.o(.text.socket) for [Anonymous Symbol]
    socket.o(.text.close) refers to w5500.o(.text.WIZCHIP_WRITE) for WIZCHIP_WRITE
    socket.o(.text.close) refers to w5500.o(.text.WIZCHIP_READ) for WIZCHIP_READ
    socket.o(.text.close) refers to socket.o(.bss..L_MergedGlobals) for .L_MergedGlobals
    socket.o(.ARM.exidx.text.close) refers to socket.o(.text.close) for [Anonymous Symbol]
    socket.o(.text.listen) refers to w5500.o(.text.WIZCHIP_READ) for WIZCHIP_READ
    socket.o(.text.listen) refers to w5500.o(.text.WIZCHIP_WRITE) for WIZCHIP_WRITE
    socket.o(.text.listen) refers to socket.o(.bss..L_MergedGlobals) for .L_MergedGlobals
    socket.o(.ARM.exidx.text.listen) refers to socket.o(.text.listen) for [Anonymous Symbol]
    socket.o(.text.sendto) refers to w5500.o(.text.WIZCHIP_READ) for WIZCHIP_READ
    socket.o(.text.sendto) refers to w5500.o(.text.WIZCHIP_WRITE_BUF) for WIZCHIP_WRITE_BUF
    socket.o(.text.sendto) refers to w5500.o(.text.WIZCHIP_WRITE) for WIZCHIP_WRITE
    socket.o(.text.sendto) refers to socket.o(.bss..L_MergedGlobals) for .L_MergedGlobals
    socket.o(.text.sendto) refers to w5500.o(.text.getSn_TX_FSR) for getSn_TX_FSR
    socket.o(.text.sendto) refers to w5500.o(.text.wiz_send_data) for wiz_send_data
    socket.o(.ARM.exidx.text.sendto) refers to socket.o(.text.sendto) for [Anonymous Symbol]
    socket.o(.text.recvfrom) refers to w5500.o(.text.WIZCHIP_READ) for WIZCHIP_READ
    socket.o(.text.recvfrom) refers to socket.o(.bss..L_MergedGlobals) for .L_MergedGlobals
    socket.o(.text.recvfrom) refers to w5500.o(.text.wiz_recv_data) for wiz_recv_data
    socket.o(.text.recvfrom) refers to w5500.o(.text.WIZCHIP_WRITE) for WIZCHIP_WRITE
    socket.o(.text.recvfrom) refers to w5500.o(.text.getSn_RX_RSR) for getSn_RX_RSR
    socket.o(.text.recvfrom) refers to w5500.o(.text.wiz_recv_ignore) for wiz_recv_ignore
    socket.o(.ARM.exidx.text.recvfrom) refers to socket.o(.text.recvfrom) for [Anonymous Symbol]
    socket.o(.text.ctlsocket) refers to socket.o(.bss..L_MergedGlobals) for .L_MergedGlobals
    socket.o(.text.ctlsocket) refers to w5500.o(.text.WIZCHIP_READ) for WIZCHIP_READ
    socket.o(.text.ctlsocket) refers to w5500.o(.text.WIZCHIP_WRITE) for WIZCHIP_WRITE
    socket.o(.ARM.exidx.text.ctlsocket) refers to socket.o(.text.ctlsocket) for [Anonymous Symbol]
    w5500.o(.text.WIZCHIP_READ) refers to wizchip_conf.o(.data.WIZCHIP) for WIZCHIP
    w5500.o(.ARM.exidx.text.WIZCHIP_READ) refers to w5500.o(.text.WIZCHIP_READ) for [Anonymous Symbol]
[...]
    ../clib/angel/kernel.s                   0x00000000   Number         0  __rtentry.o ABSOLUTE
    ../clib/angel/kernel.s                   0x00000000   Number         0  __rtentry2.o ABSOLUTE
    ../clib/angel/kernel.s                   0x00000000   Number         0  __rtentry4.o ABSOLUTE
    ../clib/angel/kernel.s                   0x00000000   Number         0  rtexit.o ABSOLUTE
    ../clib/angel/kernel.s                   0x00000000   Number         0  rtexit2.o ABSOLUTE
    ../clib/angel/rt.s                       0x00000000   Number         0  rt_raise.o ABSOLUTE
    ../clib/angel/scatter.s                  0x00000000   Number         0  __scatter.o ABSOLUTE
    ../clib/angel/startup.s                  0x00000000   Number         0  __main.o ABSOLUTE
    ../clib/angel/sys.s                      0x00000000   Number         0  sys_stackheap_outer.o ABSOLUTE
    ../clib/angel/sys.s                      0x00000000   Number         0  libspace.o ABSOLUTE
    ../clib/angel/sys.s                      0x00000000   Number         0  use_no_semi.o ABSOLUTE
    ../clib/angel/sys.s                      0x00000000   Number         0  indicate_semi.o ABSOLUTE
    ../clib/angel/sysapp.c                   0x00000000   Number         0  sys_exit.o ABSOLUTE
    ../clib/angel/sysapp.c                   0x00000000   Number         0  sys_exit_hlt.o ABSOLUTE
    ../clib/angel/sysapp.c                   0x00000000   Number         0  sys_command.o ABSOLUTE
    ../clib/angel/sysapp.c                   0x00000000   Number         0  sys_command_hlt.o ABSOLUTE
    ../clib/angel/sysapp.c                   0x00000000   Number         0  sys_wrch.o ABSOLUTE
    ../clib/angel/sysapp.c                   0x00000000   Number         0  sys_wrch_hlt.o ABSOLUTE
    ../clib/armsys.c                         0x00000000   Number         0  argv_veneer.o ABSOLUTE
    ../clib/armsys.c                         0x00000000   Number         0  argv_veneer.o ABSOLUTE
    ../clib/armsys.c                         0x00000000   Number         0  _get_argv_nomalloc.o ABSOLUTE
    ../clib/armsys.c                         0x00000000   Number         0  no_argv.o ABSOLUTE
    ../clib/heapalloc.c                      0x00000000   Number         0  hrguard.o ABSOLUTE
    ../clib/heapaux.c                        0x00000000   Number         0  heapauxi.o ABSOLUTE
    ../clib/libinit.s                        0x00000000   Number         0  libinit.o ABSOLUTE
    ../clib/libinit.s                        0x00000000   Number         0  libinit2.o ABSOLUTE
    ../clib/libinit.s                        0x00000000   Number         0  libshutdown.o ABSOLUTE
    ../clib/libinit.s                        0x00000000   Number         0  libshutdown2.o ABSOLUTE
    ../clib/memcpset.s                       0x00000000   Number         0  rt_memcpy_v6.o ABSOLUTE
    ../clib/memcpset.s                       0x00000000   Number         0  aeabi_memset.o ABSOLUTE
    ../clib/memcpset.s                       0x00000000   Number         0  rt_memclr.o ABSOLUTE
    ../clib/memcpset.s                       0x00000000   Number         0  rt_memclr_w.o ABSOLUTE
    ../clib/memcpset.s                       0x00000000   Number         0  rt_memcpy_w.o ABSOLUTE
    ../clib/signal.c                         0x00000000   Number         0  defsig_rtmem_outer.o ABSOLUTE
    ../clib/signal.c                         0x00000000   Number         0  defsig_rtmem_formal.o ABSOLUTE
    ../clib/signal.c                         0x00000000   Number         0  defsig_exit.o ABSOLUTE
    ../clib/signal.c                         0x00000000   Number         0  defsig_rtmem_inner.o ABSOLUTE
    ../clib/signal.c                         0x00000000   Number         0  __raise.o ABSOLUTE
    ../clib/signal.c                         0x00000000   Number         0  defsig_general.o ABSOLUTE
    ../clib/signal.c                         0x00000000   Number         0  defsig_abrt_inner.o ABSOLUTE
    ../clib/signal.c                         0x00000000   Number         0  defsig_fpe_inner.o ABSOLUTE
    ../clib/signal.c                         0x00000000   Number         0  defsig_rtred_inner.o ABSOLUTE
    ../clib/signal.c                         0x00000000   Number         0  defsig_stak_inner.o ABSOLUTE
    ../clib/signal.c                         0x00000000   Number         0  defsig_pvfn_inner.o ABSOLUTE
    ../clib/signal.c                         0x00000000   Number         0  defsig_cppl_inner.o ABSOLUTE
    ../clib/signal.c                         0x00000000   Number         0  defsig_segv_inner.o ABSOLUTE
    ../clib/signal.c                         0x00000000   Number         0  defsig_other.o ABSOLUTE
    ../clib/signal.s                         0x00000000   Number         0  defsig.o ABSOLUTE
    ../clib/stdlib.c                         0x00000000   Number         0  exit.o ABSOLUTE
    ../clib/string.c                         0x00000000   Number         0  memcmp.o ABSOLUTE
    ../fplib/fpinit.s                        0x00000000   Number         0  fpinit.o ABSOLUTE
    bootloader.c                             0x00000000   Number         0  bootloader.o ABSOLUTE
    dc.s                                     0x00000000   Number         0  dc.o ABSOLUTE
    main.c                                   0x00000000   Number         0  main.o ABSOLUTE
    socket.c                                 0x00000000   Number         0  socket.o ABSOLUTE
    startup_stm32h503xx.s                    0x00000000   Number         0  startup_stm32h503xx.o ABSOLUTE
    stm32h5xx_hal.c                          0x00000000   Number         0  stm32h5xx_hal.o ABSOLUTE
    stm32h5xx_hal_cortex.c                   0x00000000   Number         0  stm32h5xx_hal_cortex.o ABSOLUTE
    stm32h5xx_hal_crc.c                      0x00000000   Number         0  stm32h5xx_hal_crc.o ABSOLUTE
    stm32h5xx_hal_crc_ex.c                   0x00000000   Number         0  stm32h5xx_hal_crc_ex.o ABSOLUTE
    stm32h5xx_hal_dma.c                      0x00000000   Number         0  stm32h5xx_hal_dma.o ABSOLUTE
    stm32h5xx_hal_dma_ex.c                   0x00000000   Number         0  stm32h5xx_hal_dma_ex.o ABSOLUTE
    stm32h5xx_hal_exti.c                     0x00000000   Number         0  stm32h5xx_hal_exti.o ABSOLUTE
    stm32h5xx_hal_flash.c                    0x00000000   Number         0  stm32h5xx_hal_flash.o ABSOLUTE
    stm32h5xx_hal_flash_ex.c                 0x00000000   Number         0  stm32h5xx_hal_flash_ex.o ABSOLUTE
    stm32h5xx_hal_gpio.c                     0x00000000   Number         0  stm32h5xx_hal_gpio.o ABSOLUTE
    stm32h5xx_hal_icache.c                   0x00000000   Number         0  stm32h5xx_hal_icache.o ABSOLUTE
    stm32h5xx_hal_msp.c                      0x00000000   Number         0  stm32h5xx_hal_msp.o ABSOLUTE
    stm32h5xx_hal_pwr.c                      0x00000000   Number         0  stm32h5xx_hal_pwr.o ABSOLUTE
    stm32h5xx_hal_pwr_ex.c                   0x00000000   Number         0  stm32h5xx_hal_pwr_ex.o ABSOLUTE
    stm32h5xx_hal_rcc.c                      0x00000000   Number         0  stm32h5xx_hal_rcc.o ABSOLUTE
    stm32h5xx_hal_rcc_ex.c                   0x00000000   Number         0  stm32h5xx_hal_rcc_ex.o ABSOLUTE
    stm32h5xx_hal_spi.c                      0x00000000   Number         0  stm32h5xx_hal_spi.o ABSOLUTE
    stm32h5xx_hal_spi_ex.c                   0x00000000   Number         0  stm32h5xx_hal_spi_ex.o ABSOLUTE
    stm32h5xx_hal_tim.c                      0x00000000   Number         0  stm32h5xx_hal_tim.o ABSOLUTE
    stm32h5xx_hal_tim_ex.c                   0x00000000   Number         0  stm32h5xx_hal_tim_ex.o ABSOLUTE
    stm32h5xx_it.c                           0x00000000   Number         0  stm32h5xx_it.o ABSOLUTE
    system_stm32h5xx.c                       0x00000000   Number         0  system_stm32h5xx.o ABSOLUTE
    w5500.c                                  0x00000000   Number         0  w5500.o ABSOLUTE
    w5500_spi.c                              0x00000000   Number         0  w5500_spi.o ABSOLUTE
    wizchip_conf.c                           0x00000000   Number         0  wizchip_conf.o ABSOLUTE
    RESET                                    0x08000000   Section      600  startup_stm32h503xx.o(RESET)
    !!!main                                  0x08000258   Section        8  __main.o(!!!main)
    !!!scatter                               0x08000260   Section       52  __scatter.o(!!!scatter)
    !!handler_copy                           0x08000294   Section       26  __scatter_copy.o(!!handler_copy)
    !!handler_zi                             0x080002b0   Section       28  __scatter_zi.o(!!handler_zi)
    .ARM.Collect$$libinit$$00000000          0x080002cc   Section        2  libinit.o(.ARM.Collect$$libinit$$00000000)
    .ARM.Collect$$libinit$$00000001          0x080002ce   Section        4  libinit2.o(.ARM.Collect$$libinit$$00000001)
    .ARM.Collect$$libinit$$00000004          0x080002d2   Section        0  libinit2.o(.ARM.Collect$$libinit$$00000004)
    .ARM.Collect$$libinit$$0000000A          0x080002d2   Section        0  libinit2.o(.ARM.Collect$$libinit$$0000000A)
    .ARM.Collect$$libinit$$0000000C          0x080002d2   Section        0  libinit2.o(.ARM.Collect$$libinit$$0000000C)
    .ARM.Collect$$libinit$$0000000E          0x080002d2   Section        0  libinit2.o(.ARM.Collect$$libinit$$0000000E)
    .ARM.Collect$$libinit$$00000011          0x080002d2   Section        0  libinit2.o(.ARM.Collect$$libinit$$00000011)
    .ARM.Collect$$libinit$$00000013          0x080002d2   Section        0  libinit2.o(.ARM.Collect$$libinit$$00000013)
    .ARM.Collect$$libinit$$00000015          0x080002d2   Section        0  libinit2.o(.ARM.Collect$$libinit$$00000015)
    .ARM.Collect$$libinit$$00000017          0x080002d2   Section        0  libinit2.o(.ARM.Collect$$libinit$$00000017)
    .ARM.Collect$$libinit$$00000019          0x080002d2   Section        0  libinit2.o(.ARM.Collect$$libinit$$00000019)
    .ARM.Collect$$libinit$$0000001B          0x080002d2   Section        0  libinit2.o(.ARM.Collect$$libinit$$0000001B)
    .ARM.Collect$$libinit$$0000001D          0x080002d2   Section        0  libinit2.o(.ARM.Collect$$libinit$$0000001D)
    .ARM.Collect$$libinit$$0000001F          0x080002d2   Section        0  libinit2.o(.ARM.Collect$$libinit$$0000001F)
    .ARM.Collect$$libinit$$00000021          0x080002d2   Section        0  libinit2.o(.ARM.Collect$$libinit$$00000021)
    .ARM.Collect$$libinit$$00000023          0x080002d2   Section        0  libinit2.o(.ARM.Collect$$libinit$$00000023)
    .ARM.Collect$$libinit$$00000025          0x080002d2   Section        0  libinit2.o(.ARM.Collect$$libinit$$00000025)
    .ARM.Collect$$libinit$$0000002C          0x080002d2   Section        0  libinit2.o(.ARM.Collect$$libinit$$0000002C)
    .ARM.Collect$$libinit$$0000002E          0x080002d2   Section        0  libinit2.o(.ARM.Collect$$libinit$$0000002E)
    .ARM.Collect$$libinit$$00000030          0x080002d2   Section        0  libinit2.o(.ARM.Collect$$libinit$$00000030)
    .ARM.Collect$$libinit$$00000032          0x080002d2   Section        0  libinit2.o(.ARM.Collect$$libinit$$00000032)
    .ARM.Collect$$libinit$$00000033          0x080002d2   Section        2  libinit2.o(.ARM.Collect$$libinit$$00000033)
    .ARM.Collect$$libshutdown$$00000000      0x080002d4   Section        2  libshutdown.o(.ARM.Collect$$libshutdown$$00000000)
    .ARM.Collect$$libshutdown$$00000002      0x080002d6   Section        0  libshutdown2.o(.ARM.Collect$$libshutdown$$00000002)
    .ARM.Collect$$libshutdown$$00000004      0x080002d6   Section        0  libshutdown2.o(.ARM.Collect$$libshutdown$$00000004)
    .ARM.Collect$$libshutdown$$00000007      0x080002d6   Section        0  libshutdown2.o(.ARM.Collect$$libshutdown$$00000007)
    .ARM.Collect$$libshutdown$$0000000A      0x080002d6   Section        0  libshutdown2.o(.ARM.Collect$$libshutdown$$0000000A)
    .ARM.Collect$$libshutdown$$0000000C      0x080002d6   Section        0  libshutdown2.o(.ARM.Collect$$libshutdown$$0000000C)
    .ARM.Collect$$libshutdown$$0000000F      0x080002d6   Section        0  libshutdown2.o(.ARM.Collect$$libshutdown$$0000000F)
    .ARM.Collect$$libshutdown$$00000010      0x080002d6   Section        2  libshutdown2.o(.ARM.Collect$$libshutdown$$00000010)
    .ARM.Collect$$rtentry$$00000000          0x080002d8   Section        0  __rtentry.o(.ARM.Collect$$rtentry$$00000000)
    .ARM.Collect$$rtentry$$00000002          0x080002d8   Section        0  __rtentry2.o(.ARM.Collect$$rtentry$$00000002)
    .ARM.Collect$$rtentry$$00000004          0x080002d8   Section        6  __rtentry4.o(.ARM.Collect$$rtentry$$00000004)
    .ARM.Collect$$rtentry$$00000009          0x080002de   Section        0  __rtentry2.o(.ARM.Collect$$rtentry$$00000009)
    .ARM.Collect$$rtentry$$0000000A          0x080002de   Section        4  __rtentry2.o(.ARM.Collect$$rtentry$$0000000A)
    .ARM.Collect$$rtentry$$0000000C          0x080002e2   Section        0  __rtentry2.o(.ARM.Collect$$rtentry$$0000000C)
    .ARM.Collect$$rtentry$$0000000D          0x080002e2   Section        8  __rtentry2.o(.ARM.Collect$$rtentry$$0000000D)
    .ARM.Collect$$rtexit$$00000000           0x080002ea   Section        2  rtexit.o(.ARM.Collect$$rtexit$$00000000)
    .ARM.Collect$$rtexit$$00000002           0x080002ec   Section        0  rtexit2.o(.ARM.Collect$$rtexit$$00000002)
    .ARM.Collect$$rtexit$$00000003           0x080002ec   Section        4  rtexit2.o(.ARM.Collect$$rtexit$$00000003)
    .ARM.Collect$$rtexit$$00000004           0x080002f0   Section        6  rtexit2.o(.ARM.Collect$$rtexit$$00000004)
    $v0                                      0x080002f8   Number         0  startup_stm32h503xx.o(.text)
    .text                                    0x080002f8   Section       68  startup_stm32h503xx.o(.text)
    .text                                    0x0800033c   Section        0  memcmp.o(.text)
    .text                                    0x08000394   Section      138  rt_memcpy_v6.o(.text)
    .text                                    0x0800041e   Section       16  aeabi_memset.o(.text)
    .text                                    0x0800042e   Section       68  rt_memclr.o(.text)
    .text                                    0x08000472   Section       78  rt_memclr_w.o(.text)
    .text                                    0x080004c0   Section        0  heapauxi.o(.text)
    .text                                    0x080004c6   Section      100  rt_memcpy_w.o(.text)
    .text                                    0x0800052a   Section       74  sys_stackheap_outer.o(.text)
    .text                                    0x08000574   Section        0  exit.o(.text)
    .text                                    0x08000588   Section        8  libspace.o(.text)
    .text                                    0x08000590   Section        0  sys_exit.o(.text)
    .text                                    0x0800059c   Section        2  use_no_semi.o(.text)
    .text                                    0x0800059e   Section        0  indicate_semi.o(.text)
    [Anonymous Symbol]                       0x080005a0   Section        0  bootloader.o(.text.Boodloader_Check)
    [Anonymous Symbol]                       0x08000a10   Section        0  stm32h5xx_it.o(.text.BusFault_Handler)
    [Anonymous Symbol]                       0x08000a14   Section        0  bootloader.o(.text.Check_ResetChip)
    [Anonymous Symbol]                       0x08000a3c   Section        0  stm32h5xx_it.o(.text.DebugMon_Handler)
    [Anonymous Symbol]                       0x08000a40   Section        0  main.o(.text.Error_Handler)
    [Anonymous Symbol]                       0x08000a48   Section        0  stm32h5xx_hal_flash.o(.text.FLASH_WaitForLastOperation)
    Flash_Erase                              0x08000add   Thumb Code   250  bootloader.o(.text.Flash_Erase)
    [Anonymous Symbol]                       0x08000adc   Section        0  bootloader.o(.text.Flash_Erase)
    [Anonymous Symbol]                       0x08000bd8   Section        0  bootloader.o(.text.Flash_Write_APR_Infor)
    [Anonymous Symbol]                       0x08000ce8   Section        0  bootloader.o(.text.Get_AP_Informations)
    [Anonymous Symbol]                       0x08001110   Section        0  stm32h5xx_hal_crc_ex.o(.text.HAL_CRCEx_Polynomial_Set)
    [Anonymous Symbol]                       0x080011ac   Section        0  stm32h5xx_hal_crc.o(.text.HAL_CRC_Accumulate)
    [Anonymous Symbol]                       0x08001418   Section        0  stm32h5xx_hal_crc.o(.text.HAL_CRC_Init)
    [Anonymous Symbol]                       0x08001494   Section        0  stm32h5xx_hal_msp.o(.text.HAL_CRC_MspInit)
    [Anonymous Symbol]                       0x080014c8   Section        0  stm32h5xx_hal.o(.text.HAL_DeInit)
    [Anonymous Symbol]                       0x08001524   Section        0  stm32h5xx_hal.o(.text.HAL_Delay)
    [Anonymous Symbol]                       0x0800154c   Section        0  stm32h5xx_hal_flash_ex.o(.text.HAL_FLASHEx_Erase)
    [Anonymous Symbol]                       0x08001674   Section        0  stm32h5xx_hal_flash.o(.text.HAL_FLASH_Lock)
    [Anonymous Symbol]                       0x08001690   Section        0  stm32h5xx_hal_flash.o(.text.HAL_FLASH_Program)
    [Anonymous Symbol]                       0x080017d8   Section        0  stm32h5xx_hal_flash.o(.text.HAL_FLASH_Unlock)
    [Anonymous Symbol]                       0x08001808   Section        0  stm32h5xx_hal_gpio.o(.text.HAL_GPIO_Init)
    [Anonymous Symbol]                       0x080019a0   Section        0  stm32h5xx_hal_gpio.o(.text.HAL_GPIO_TogglePin)
    [Anonymous Symbol]                       0x080019b0   Section        0  stm32h5xx_hal_gpio.o(.text.HAL_GPIO_WritePin)
    [Anonymous Symbol]                       0x080019bc   Section        0  stm32h5xx_hal.o(.text.HAL_GetTick)
    [Anonymous Symbol]                       0x080019c8   Section        0  stm32h5xx_hal_icache.o(.text.HAL_ICACHE_Enable)
    [Anonymous Symbol]                       0x080019dc   Section        0  stm32h5xx_hal.o(.text.HAL_IncTick)
    [Anonymous Symbol]                       0x080019f8   Section        0  stm32h5xx_hal.o(.text.HAL_Init)
    [Anonymous Symbol]                       0x08001a44   Section        0  stm32h5xx_hal.o(.text.HAL_InitTick)
    [Anonymous Symbol]                       0x08001af8   Section        0  stm32h5xx_hal.o(.text.HAL_MspDeInit)
    [Anonymous Symbol]                       0x08001afc   Section        0  stm32h5xx_hal_msp.o(.text.HAL_MspInit)
    [Anonymous Symbol]                       0x08001b00   Section        0  stm32h5xx_hal_cortex.o(.text.HAL_NVIC_SetPriority)
    [Anonymous Symbol]                       0x08001b58   Section        0  stm32h5xx_hal_cortex.o(.text.HAL_NVIC_SetPriorityGrouping)
    [Anonymous Symbol]                       0x08001b78   Section        0  stm32h5xx_hal_rcc_ex.o(.text.HAL_RCCEx_PeriphCLKConfig)
    [Anonymous Symbol]                       0x0800222c   Section        0  stm32h5xx_hal_rcc.o(.text.HAL_RCC_ClockConfig)
    [Anonymous Symbol]                       0x08002490   Section        0  stm32h5xx_hal_rcc.o(.text.HAL_RCC_DeInit)
    [Anonymous Symbol]                       0x080025f8   Section        0  stm32h5xx_hal_rcc.o(.text.HAL_RCC_GetSysClockFreq)
    [Anonymous Symbol]                       0x08002720   Section        0  stm32h5xx_hal_rcc.o(.text.HAL_RCC_OscConfig)
    [Anonymous Symbol]                       0x08002d44   Section        0  stm32h5xx_hal_spi.o(.text.HAL_SPI_Init)
    [Anonymous Symbol]                       0x08002e94   Section        0  stm32h5xx_hal_msp.o(.text.HAL_SPI_MspInit)
    [Anonymous Symbol]                       0x08002f2c   Section        0  stm32h5xx_hal_spi.o(.text.HAL_SPI_Receive)
    [Anonymous Symbol]                       0x080031c0   Section        0  stm32h5xx_hal_spi.o(.text.HAL_SPI_Transmit)
    [Anonymous Symbol]                       0x08003558   Section        0  stm32h5xx_hal_cortex.o(.text.HAL_SYSTICK_CLKSourceConfig)
    [Anonymous Symbol]                       0x080035e4   Section        0  stm32h5xx_hal_cortex.o(.text.HAL_SYSTICK_Config)
    [Anonymous Symbol]                       0x08003608   Section        0  stm32h5xx_hal_cortex.o(.text.HAL_SYSTICK_GetCLKSourceConfig)
    [Anonymous Symbol]                       0x08003638   Section        0  bootloader.o(.text.Handle_Mess_Rx)
    [Anonymous Symbol]                       0x080047c4   Section        0  stm32h5xx_it.o(.text.HardFault_Handler)
    [Anonymous Symbol]                       0x080047c8   Section        0  stm32h5xx_it.o(.text.MemManage_Handler)
    [Anonymous Symbol]                       0x080047cc   Section        0  stm32h5xx_it.o(.text.NMI_Handler)
    [Anonymous Symbol]                       0x080047d0   Section        0  stm32h5xx_it.o(.text.PendSV_Handler)
    RCCEx_PLL2_Config                        0x080047d5   Thumb Code   248  stm32h5xx_hal_rcc_ex.o(.text.RCCEx_PLL2_Config)
    [Anonymous Symbol]                       0x080047d4   Section        0  stm32h5xx_hal_rcc_ex.o(.text.RCCEx_PLL2_Config)
    [Anonymous Symbol]                       0x080048cc   Section        0  bootloader.o(.text.Read_ETHERNET)
    SPI_CloseTransfer                        0x080049ad   Thumb Code   200  stm32h5xx_hal_spi.o(.text.SPI_CloseTransfer)
    [Anonymous Symbol]                       0x080049ac   Section        0  stm32h5xx_hal_spi.o(.text.SPI_CloseTransfer)
    [Anonymous Symbol]                       0x08004a74   Section        0  stm32h5xx_it.o(.text.SVC_Handler)
    [Anonymous Symbol]                       0x08004a78   Section        0  bootloader.o(.text.Setup_Ethernet)
    [Anonymous Symbol]                       0x08004be4   Section        0  stm32h5xx_it.o(.text.SysTick_Handler)
    [Anonymous Symbol]                       0x08004be8   Section        0  main.o(.text.SystemClock_Config)
    [Anonymous Symbol]                       0x08004ca4   Section        0  system_stm32h5xx.o(.text.SystemInit)
    [Anonymous Symbol]                       0x08004d4c   Section        0  stm32h5xx_it.o(.text.UsageFault_Handler)
    [Anonymous Symbol]                       0x08004d50   Section        0  w5500_spi.o(.text.W5500_Deselect)
    [Anonymous Symbol]                       0x08004d64   Section        0  w5500_spi.o(.text.W5500_ReadBuff)
    [Anonymous Symbol]                       0x08004d78   Section        0  w5500_spi.o(.text.W5500_ReadByte)
    [Anonymous Symbol]                       0x08004d9c   Section        0  w5500_spi.o(.text.W5500_Select)
    [Anonymous Symbol]                       0x08004db0   Section        0  w5500_spi.o(.text.W5500_WriteBuff)
    [Anonymous Symbol]                       0x08004dc4   Section        0  w5500_spi.o(.text.W5500_WriteByte)
    [Anonymous Symbol]                       0x08004de8   Section        0  w5500.o(.text.WIZCHIP_READ)
    [Anonymous Symbol]                       0x08004e4c   Section        0  w5500.o(.text.WIZCHIP_READ_BUF)
    [Anonymous Symbol]                       0x08004ec4   Section        0  w5500.o(.text.WIZCHIP_WRITE)
    [Anonymous Symbol]                       0x08004f28   Section        0  w5500.o(.text.WIZCHIP_WRITE_BUF)
    __NVIC_SystemReset                       0x08004fa9   Thumb Code    36  bootloader.o(.text.__NVIC_SystemReset)
    [Anonymous Symbol]                       0x08004fa8   Section        0  bootloader.o(.text.__NVIC_SystemReset)
    [Anonymous Symbol]                       0x08004fcc   Section        0  wizchip_conf.o(.text.ctlnetwork)
    [Anonymous Symbol]                       0x08005100   Section        0  socket.o(.text.ctlsocket)
    [Anonymous Symbol]                       0x080051dc   Section        0  wizchip_conf.o(.text.ctlwizchip)
    [Anonymous Symbol]                       0x080053d0   Section        0  w5500.o(.text.getSn_RX_RSR)
    [Anonymous Symbol]                       0x08005548   Section        0  w5500.o(.text.getSn_TX_FSR)
    [Anonymous Symbol]                       0x08005718   Section        0  main.o(.text.main)
    [Anonymous Symbol]                       0x08005888   Section        0  socket.o(.text.recvfrom)
    [Anonymous Symbol]                       0x08005ae0   Section        0  wizchip_conf.o(.text.reg_wizchip_cs_cbfunc)
    [Anonymous Symbol]                       0x08005b18   Section        0  wizchip_conf.o(.text.reg_wizchip_spi_cbfunc)
    [Anonymous Symbol]                       0x08005b5c   Section        0  wizchip_conf.o(.text.reg_wizchip_spiburst_cbfunc)
    [Anonymous Symbol]                       0x08005ba0   Section        0  socket.o(.text.sendto)
    [Anonymous Symbol]                       0x08005d30   Section        0  socket.o(.text.socket)
    [Anonymous Symbol]                       0x08005ec4   Section        0  w5500_spi.o(.text.w5500_Config)
    [Anonymous Symbol]                       0x08005f1c   Section        0  w5500_spi.o(.text.w5500_Init)
    [Anonymous Symbol]                       0x08005ff0   Section        0  w5500.o(.text.wiz_recv_data)
    [Anonymous Symbol]                       0x080061e0   Section        0  w5500.o(.text.wiz_recv_ignore)
    [Anonymous Symbol]                       0x0800634c   Section        0  w5500.o(.text.wiz_send_data)
    [Anonymous Symbol]                       0x0800653c   Section        0  wizchip_conf.o(.text.wizchip_bus_readdata)
    [Anonymous Symbol]                       0x08006540   Section        0  wizchip_conf.o(.text.wizchip_bus_writedata)
    [Anonymous Symbol]                       0x08006544   Section        0  wizchip_conf.o(.text.wizchip_clrinterrupt)
    [Anonymous Symbol]                       0x080065e4   Section        0  wizchip_conf.o(.text.wizchip_cris_enter)
    [Anonymous Symbol]                       0x080065e8   Section        0  wizchip_conf.o(.text.wizchip_cris_exit)
    [Anonymous Symbol]                       0x080065ec   Section        0  wizchip_conf.o(.text.wizchip_cs_deselect)
    [Anonymous Symbol]                       0x080065f0   Section        0  wizchip_conf.o(.text.wizchip_cs_select)
    [Anonymous Symbol]                       0x080065f4   Section        0  wizchip_conf.o(.text.wizchip_init)
    [Anonymous Symbol]                       0x08006778   Section        0  wizchip_conf.o(.text.wizchip_setnetinfo)
    [Anonymous Symbol]                       0x080067cc   Section        0  wizchip_conf.o(.text.wizchip_spi_readburst)
    [Anonymous Symbol]                       0x080067d0   Section        0  wizchip_conf.o(.text.wizchip_spi_readbyte)
    [Anonymous Symbol]                       0x080067d4   Section        0  wizchip_conf.o(.text.wizchip_spi_writeburst)
    [Anonymous Symbol]                       0x080067d8   Section        0  wizchip_conf.o(.text.wizchip_spi_writebyte)
    [Anonymous Symbol]                       0x080067dc   Section        0  wizchip_conf.o(.text.wizchip_sw_reset)
    [Anonymous Symbol]                       0x0800685c   Section        0  wizchip_conf.o(.text.wizphy_setphyconf)
    [Anonymous Symbol]                       0x080068cc   Section        0  wizchip_conf.o(.text.wizphy_setphypmode)
    $v0                                      0x08006942   Number         0  fpinit.o(x$fpl$fpinit)
    x$fpl$fpinit                             0x08006942   Section       26  fpinit.o(x$fpl$fpinit)
    .L_MergedGlobals                         0x20000000   Data          47  w5500_spi.o(.data..L_MergedGlobals)
    [Anonymous Symbol]                       0x20000000   Section        0  w5500_spi.o(.data..L_MergedGlobals)
    .L_MergedGlobals                         0x20000030   Data           8  stm32h5xx_hal.o(.data..L_MergedGlobals)
    [Anonymous Symbol]                       0x20000030   Section        0  stm32h5xx_hal.o(.data..L_MergedGlobals)
    sock_any_port                            0x200000ac   Data           2  socket.o(.data.sock_any_port)
    [Anonymous Symbol]                       0x200000ac   Section        0  socket.o(.data.sock_any_port)
    .bss                                     0x200000b0   Section       96  libspace.o(.bss)
    .L_MergedGlobals                         0x20000110   Data          26  socket.o(.bss..L_MergedGlobals)
    sock_io_mode                             0x20000110   Data           2  socket.o(.bss..L_MergedGlobals)
    [Anonymous Symbol]                       0x20000110   Section        0  socket.o(.bss..L_MergedGlobals)
    sock_remained_size                       0x2000011a   Data          16  socket.o(.bss..L_MergedGlobals)
    .L_MergedGlobals                         0x2000012a   Data           5  wizchip_conf.o(.bss..L_MergedGlobals)
    _DHCP_                                   0x2000012a   Data           1  wizchip_conf.o(.bss..L_MergedGlobals)
    [Anonymous Symbol]                       0x2000012a   Section        0  wizchip_conf.o(.bss..L_MergedGlobals)
    _DNS_.0                                  0x2000012b   Data           1  wizchip_conf.o(.bss..L_MergedGlobals)
    _DNS_.1                                  0x2000012c   Data           1  wizchip_conf.o(.bss..L_MergedGlobals)
    _DNS_.2                                  0x2000012d   Data           1  wizchip_conf.o(.bss..L_MergedGlobals)
    _DNS_.3                                  0x2000012e   Data           1  wizchip_conf.o(.bss..L_MergedGlobals)
    .L_MergedGlobals                         0x20000130   Data         117  bootloader.o(.bss..L_MergedGlobals)
    [Anonymous Symbol]                       0x20000130   Section        0  bootloader.o(.bss..L_MergedGlobals)
    .L_MergedGlobals                         0x200001a8   Data          40  main.o(.bss..L_MergedGlobals)
    [Anonymous Symbol]                       0x200001a8   Section        0  main.o(.bss..L_MergedGlobals)
    Heap_Mem                                 0x20000268   Data         512  startup_stm32h503xx.o(HEAP)
    HEAP                                     0x20000268   Section      512  startup_stm32h503xx.o(HEAP)
    Stack_Mem                                0x20000468   Data        1024  startup_stm32h503xx.o(STACK)
    STACK                                    0x20000468   Section     1024  startup_stm32h503xx.o(STACK)
    __initial_sp                             0x20000868   Data           0  startup_stm32h503xx.o(STACK)

    Global Symbols

    Symbol Name                              Value     Ov Type        Size  Object(Section)

    BuildAttributes$$THM_ISAv4$E$P$D$K$B$S$7EM$8M$VFPi5$EXTD16$VFPS$VFMA$PE$A:L22UL41UL21$X:L11$S22US41US21$IEEE1$IW$~IW$USESV6$~STKCKD$USESV7$~SHL$OTIME$ROPI$EBA8$UX$STANDARDLIB$REQ8$PRES8$EABIv2 0x00000000   Number         0  anon$$obj.o ABSOLUTE
    __ARM_exceptions_init                     - Undefined Weak Reference
    __alloca_initialize                       - Undefined Weak Reference
    __arm_preinit_                            - Undefined Weak Reference
    __cpp_initialize__aeabi_                  - Undefined Weak Reference
    __cxa_finalize                            - Undefined Weak Reference
    __rt_locale                               - Undefined Weak Reference
    __sigvec_lookup                           - Undefined Weak Reference
    _atexit_init                              - Undefined Weak Reference
    _call_atexit_fns                          - Undefined Weak Reference
    _clock_init                               - Undefined Weak Reference
    _fp_trap_init                             - Undefined Weak Reference
    _fp_trap_shutdown                         - Undefined Weak Reference
    _get_lc_collate                           - Undefined Weak Reference
    _get_lc_ctype                             - Undefined Weak Reference
    _get_lc_monetary                          - Undefined Weak Reference
    _get_lc_numeric                           - Undefined Weak Reference
    _get_lc_time                              - Undefined Weak Reference
    _getenv_init                              - Undefined Weak Reference
    _handle_redirection                       - Undefined Weak Reference
    _init_alloc                               - Undefined Weak Reference
    _init_user_alloc                          - Undefined Weak Reference
    _initio                                   - Undefined Weak Reference
    _rand_init                                - Undefined Weak Reference
    _signal_finish                            - Undefined Weak Reference
    _signal_init                              - Undefined Weak Reference
    _terminate_alloc                          - Undefined Weak Reference
    _terminate_user_alloc                     - Undefined Weak Reference
    _terminateio                              - Undefined Weak Reference
    __Vectors_Size                           0x00000258   Number         0  startup_stm32h503xx.o ABSOLUTE
    __Vectors                                0x08000000   Data           4  startup_stm32h503xx.o(RESET)
    __Vectors_End                            0x08000258   Data           0  startup_stm32h503xx.o(RESET)
    __main                                   0x08000259   Thumb Code     8  __main.o(!!!main)
    __scatterload                            0x08000261   Thumb Code     0  __scatter.o(!!!scatter)
    __scatterload_rt2                        0x08000261   Thumb Code    44  __scatter.o(!!!scatter)
    __scatterload_rt2_thumb_only             0x08000261   Thumb Code     0  __scatter.o(!!!scatter)
    __scatterload_null                       0x0800026f   Thumb Code     0  __scatter.o(!!!scatter)
    __scatterload_copy                       0x08000295   Thumb Code    26  __scatter_copy.o(!!handler_copy)
    __scatterload_zeroinit                   0x080002b1   Thumb Code    28  __scatter_zi.o(!!handler_zi)
    __rt_lib_init                            0x080002cd   Thumb Code     0  libinit.o(.ARM.Collect$$libinit$$00000000)
    __rt_lib_init_fp_1                       0x080002cf   Thumb Code     0  libinit2.o(.ARM.Collect$$libinit$$00000001)
    __rt_lib_init_alloca_1                   0x080002d3   Thumb Code     0  libinit2.o(.ARM.Collect$$libinit$$0000002E)
    __rt_lib_init_argv_1                     0x080002d3   Thumb Code     0  libinit2.o(.ARM.Collect$$libinit$$0000002C)
    __rt_lib_init_atexit_1                   0x080002d3   Thumb Code     0  libinit2.o(.ARM.Collect$$libinit$$0000001B)
    __rt_lib_init_clock_1                    0x080002d3   Thumb Code     0  libinit2.o(.ARM.Collect$$libinit$$00000021)
    __rt_lib_init_cpp_1                      0x080002d3   Thumb Code     0  libinit2.o(.ARM.Collect$$libinit$$00000032)
    __rt_lib_init_exceptions_1               0x080002d3   Thumb Code     0  libinit2.o(.ARM.Collect$$libinit$$00000030)
    __rt_lib_init_fp_trap_1                  0x080002d3   Thumb Code     0  libinit2.o(.ARM.Collect$$libinit$$0000001F)
    __rt_lib_init_getenv_1                   0x080002d3   Thumb Code     0  libinit2.o(.ARM.Collect$$libinit$$00000023)
    __rt_lib_init_heap_1                     0x080002d3   Thumb Code     0  libinit2.o(.ARM.Collect$$libinit$$0000000A)
    __rt_lib_init_lc_collate_1               0x080002d3   Thumb Code     0  libinit2.o(.ARM.Collect$$libinit$$00000011)
    __rt_lib_init_lc_ctype_1                 0x080002d3   Thumb Code     0  libinit2.o(.ARM.Collect$$libinit$$00000013)
    __rt_lib_init_lc_monetary_1              0x080002d3   Thumb Code     0  libinit2.o(.ARM.Collect$$libinit$$00000015)
    __rt_lib_init_lc_numeric_1               0x080002d3   Thumb Code     0  libinit2.o(.ARM.Collect$$libinit$$00000017)
    __rt_lib_init_lc_time_1                  0x080002d3   Thumb Code     0  libinit2.o(.ARM.Collect$$libinit$$00000019)
    __rt_lib_init_preinit_1                  0x080002d3   Thumb Code     0  libinit2.o(.ARM.Collect$$libinit$$00000004)
    __rt_lib_init_rand_1                     0x080002d3   Thumb Code     0  libinit2.o(.ARM.Collect$$libinit$$0000000E)
    __rt_lib_init_return                     0x080002d3   Thumb Code     0  libinit2.o(.ARM.Collect$$libinit$$00000033)
    __rt_lib_init_signal_1                   0x080002d3   Thumb Code     0  libinit2.o(.ARM.Collect$$libinit$$0000001D)
    __rt_lib_init_stdio_1                    0x080002d3   Thumb Code     0  libinit2.o(.ARM.Collect$$libinit$$00000025)
    __rt_lib_init_user_alloc_1               0x080002d3   Thumb Code     0  libinit2.o(.ARM.Collect$$libinit$$0000000C)
    __rt_lib_shutdown                        0x080002d5   Thumb Code     0  libshutdown.o(.ARM.Collect$$libshutdown$$00000000)
    __rt_lib_shutdown_cpp_1                  0x080002d7   Thumb Code     0  libshutdown2.o(.ARM.Collect$$libshutdown$$00000002)
    __rt_lib_shutdown_fp_trap_1              0x080002d7   Thumb Code     0  libshutdown2.o(.ARM.Collect$$libshutdown$$00000007)
    __rt_lib_shutdown_heap_1                 0x080002d7   Thumb Code     0  libshutdown2.o(.ARM.Collect$$libshutdown$$0000000F)
    __rt_lib_shutdown_return                 0x080002d7   Thumb Code     0  libshutdown2.o(.ARM.Collect$$libshutdown$$00000010)
    __rt_lib_shutdown_signal_1               0x080002d7   Thumb Code     0  libshutdown2.o(.ARM.Collect$$libshutdown$$0000000A)
    __rt_lib_shutdown_stdio_1                0x080002d7   Thumb Code     0  libshutdown2.o(.ARM.Collect$$libshutdown$$00000004)
    __rt_lib_shutdown_user_alloc_1           0x080002d7   Thumb Code     0  libshutdown2.o(.ARM.Collect$$libshutdown$$0000000C)
    __rt_entry                               0x080002d9   Thumb Code     0  __rtentry.o(.ARM.Collect$$rtentry$$00000000)
    __rt_entry_presh_1                       0x080002d9   Thumb Code     0  __rtentry2.o(.ARM.Collect$$rtentry$$00000002)
    __rt_entry_sh                            0x080002d9   Thumb Code     0  __rtentry4.o(.ARM.Collect$$rtentry$$00000004)
    __rt_entry_li                            0x080002df   Thumb Code     0  __rtentry2.o(.ARM.Collect$$rtentry$$0000000A)
    __rt_entry_postsh_1                      0x080002df   Thumb Code     0  __rtentry2.o(.ARM.Collect$$rtentry$$00000009)
    __rt_entry_main                          0x080002e3   Thumb Code     0  __rtentry2.o(.ARM.Collect$$rtentry$$0000000D)
    __rt_entry_postli_1                      0x080002e3   Thumb Code     0  __rtentry2.o(.ARM.Collect$$rtentry$$0000000C)
    __rt_exit                                0x080002eb   Thumb Code     0  rtexit.o(.ARM.Collect$$rtexit$$00000000)
    __rt_exit_ls                             0x080002ed   Thumb Code     0  rtexit2.o(.ARM.Collect$$rtexit$$00000003)
    __rt_exit_prels_1                        0x080002ed   Thumb Code     0  rtexit2.o(.ARM.Collect$$rtexit$$00000002)
    __rt_exit_exit                           0x080002f1   Thumb Code     0  rtexit2.o(.ARM.Collect$$rtexit$$00000004)
    Reset_Handler                            0x080002f9   Thumb Code     8  startup_stm32h503xx.o(.text)
    SecureFault_Handler                      0x0800030b   Thumb Code     2  startup_stm32h503xx.o(.text)
    ADC1_IRQHandler                          0x08000315   Thumb Code     0  startup_stm32h503xx.o(.text)
    COMP1_IRQHandler                         0x08000315   Thumb Code     0  startup_stm32h503xx.o(.text)
    CRS_IRQHandler                           0x08000315   Thumb Code     0  startup_stm32h503xx.o(.text)
    DAC1_IRQHandler                          0x08000315   Thumb Code     0  startup_stm32h503xx.o(.text)
    DTS_IRQHandler                           0x08000315   Thumb Code     0  startup_stm32h503xx.o(.text)
    EXTI0_IRQHandler                         0x08000315   Thumb Code     0  startup_stm32h503xx.o(.text)
    EXTI10_IRQHandler                        0x08000315   Thumb Code     0  startup_stm32h503xx.o(.text)
    EXTI11_IRQHandler                        0x08000315   Thumb Code     0  startup_stm32h503xx.o(.text)
    EXTI12_IRQHandler                        0x08000315   Thumb Code     0  startup_stm32h503xx.o(.text)
    EXTI13_IRQHandler                        0x08000315   Thumb Code     0  startup_stm32h503xx.o(.text)
    EXTI14_IRQHandler                        0x08000315   Thumb Code     0  startup_stm32h503xx.o(.text)
    EXTI15_IRQHandler                        0x08000315   Thumb Code     0  startup_stm32h503xx.o(.text)
    EXTI1_IRQHandler                         0x08000315   Thumb Code     0  startup_stm32h503xx.o(.text)
    EXTI2_IRQHandler                         0x08000315   Thumb Code     0  startup_stm32h503xx.o(.text)
    EXTI3_IRQHandler                         0x08000315   Thumb Code     0  startup_stm32h503xx.o(.text)
    EXTI4_IRQHandler                         0x08000315   Thumb Code     0  startup_stm32h503xx.o(.text)
    EXTI5_IRQHandler                         0x08000315   Thumb Code     0  startup_stm32h503xx.o(.text)
    EXTI6_IRQHandler                         0x08000315   Thumb Code     0  startup_stm32h503xx.o(.text)
    EXTI7_IRQHandler                         0x08000315   Thumb Code     0  startup_stm32h503xx.o(.text)
    EXTI8_IRQHandler                         0x08000315   Thumb Code     0  startup_stm32h503xx.o(.text)
    EXTI9_IRQHandler                         0x08000315   Thumb Code     0  startup_stm32h503xx.o(.text)
    FDCAN1_IT0_IRQHandler                    0x08000315   Thumb Code     0  startup_stm32h503xx.o(.text)
    FDCAN1_IT1_IRQHandler                    0x08000315   Thumb Code     0  startup_stm32h503xx.o(.text)
    FLASH_IRQHandler                         0x08000315   Thumb Code     0  startup_stm32h503xx.o(.text)
    FPU_IRQHandler                           0x08000315   Thumb Code     0  startup_stm32h503xx.o(.text)
    GPDMA1_Channel0_IRQHandler               0x08000315   Thumb Code     0  startup_stm32h503xx.o(.text)
    GPDMA1_Channel1_IRQHandler               0x08000315   Thumb Code     0  startup_stm32h503xx.o(.text)
    GPDMA1_Channel2_IRQHandler               0x08000315   Thumb Code     0  startup_stm32h503xx.o(.text)
    GPDMA1_Channel3_IRQHandler               0x08000315   Thumb Code     0  startup_stm32h503xx.o(.text)
    GPDMA1_Channel4_IRQHandler               0x08000315   Thumb Code     0  startup_stm32h503xx.o(.text)
    GPDMA1_Channel5_IRQHandler               0x08000315   Thumb Code     0  startup_stm32h503xx.o(.text)
    GPDMA1_Channel6_IRQHandler               0x08000315   Thumb Code     0  startup_stm32h503xx.o(.text)
    GPDMA1_Channel7_IRQHandler               0x08000315   Thumb Code     0  startup_stm32h503xx.o(.text)
    GPDMA2_Channel0_IRQHandler               0x08000315   Thumb Code     0  startup_stm32h503xx.o(.text)
    GPDMA2_Channel1_IRQHandler               0x08000315   Thumb Code     0  startup_stm32h503xx.o(.text)
    GPDMA2_Channel2_IRQHandler               0x08000315   Thumb Code     0  startup_stm32h503xx.o(.text)
    GPDMA2_Channel3_IRQHandler               0x08000315   Thumb Code     0  startup_stm32h503xx.o(.text)
    GPDMA2_Channel4_IRQHandler               0x08000315   Thumb Code     0  startup_stm32h503xx.o(.text)
    GPDMA2_Channel5_IRQHandler               0x08000315   Thumb Code     0  startup_stm32h503xx.o(.text)
    GPDMA2_Channel6_IRQHandler               0x08000315   Thumb Code     0  startup_stm32h503xx.o(.text)
    GPDMA2_Channel7_IRQHandler               0x08000315   Thumb Code     0  startup_stm32h503xx.o(.text)
    GTZC_IRQHandler                          0x08000315   Thumb Code     0  startup_stm32h503xx.o(.text)
    HASH_IRQHandler                          0x08000315   Thumb Code     0  startup_stm32h503xx.o(.text)
    I2C1_ER_IRQHandler                       0x08000315   Thumb Code     0  startup_stm32h503xx.o(.text)
    I2C1_EV_IRQHandler                       0x08000315   Thumb Code     0  startup_stm32h503xx.o(.text)
    I2C2_ER_IRQHandler                       0x08000315   Thumb Code     0  startup_stm32h503xx.o(.text)
    I2C2_EV_IRQHandler                       0x08000315   Thumb Code     0  startup_stm32h503xx.o(.text)
    I3C1_ER_IRQHandler                       0x08000315   Thumb Code     0  startup_stm32h503xx.o(.text)
    I3C1_EV_IRQHandler                       0x08000315   Thumb Code     0  startup_stm32h503xx.o(.text)
    I3C2_ER_IRQHandler                       0x08000315   Thumb Code     0  startup_stm32h503xx.o(.text)
    I3C2_EV_IRQHandler                       0x08000315   Thumb Code     0  startup_stm32h503xx.o(.text)
    ICACHE_IRQHandler                        0x08000315   Thumb Code     0  startup_stm32h503xx.o(.text)
    IWDG_IRQHandler                          0x08000315   Thumb Code     0  startup_stm32h503xx.o(.text)
    LPTIM1_IRQHandler                        0x08000315   Thumb Code     0  startup_stm32h503xx.o(.text)
    LPTIM2_IRQHandler                        0x08000315   Thumb Code     0  startup_stm32h503xx.o(.text)
    LPUART1_IRQHandler                       0x08000315   Thumb Code     0  startup_stm32h503xx.o(.text)
    PVD_AVD_IRQHandler                       0x08000315   Thumb Code     0  startup_stm32h503xx.o(.text)
    RAMCFG_IRQHandler                        0x08000315   Thumb Code     0  startup_stm32h503xx.o(.text)
    RCC_IRQHandler                           0x08000315   Thumb Code     0  startup_stm32h503xx.o(.text)
    RNG_IRQHandler                           0x08000315   Thumb Code     0  startup_stm32h503xx.o(.text)
    RTC_IRQHandler                           0x08000315   Thumb Code     0  startup_stm32h503xx.o(.text)
    SPI1_IRQHandler                          0x08000315   Thumb Code     0  startup_stm32h503xx.o(.text)
    SPI2_IRQHandler                          0x08000315   Thumb Code     0  startup_stm32h503xx.o(.text)
    SPI3_IRQHandler                          0x08000315   Thumb Code     0  startup_stm32h503xx.o(.text)
    TAMP_IRQHandler                          0x08000315   Thumb Code     0  startup_stm32h503xx.o(.text)
    TIM1_BRK_IRQHandler                      0x08000315   Thumb Code     0  startup_stm32h503xx.o(.text)
    TIM1_CC_IRQHandler                       0x08000315   Thumb Code     0  startup_stm32h503xx.o(.text)
    TIM1_TRG_COM_IRQHandler                  0x08000315   Thumb Code     0  startup_stm32h503xx.o(.text)
    TIM1_UP_IRQHandler                       0x08000315   Thumb Code     0  startup_stm32h503xx.o(.text)
    TIM2_IRQHandler                          0x08000315   Thumb Code     0  startup_stm32h503xx.o(.text)
    TIM3_IRQHandler                          0x08000315   Thumb Code     0  startup_stm32h503xx.o(.text)
    TIM6_IRQHandler                          0x08000315   Thumb Code     0  startup_stm32h503xx.o(.text)
    TIM7_IRQHandler                          0x08000315   Thumb Code     0  startup_stm32h503xx.o(.text)
    USART1_IRQHandler                        0x08000315   Thumb Code     0  startup_stm32h503xx.o(.text)
    USART2_IRQHandler                        0x08000315   Thumb Code     0  startup_stm32h503xx.o(.text)
    USART3_IRQHandler                        0x08000315   Thumb Code     0  startup_stm32h503xx.o(.text)
    USB_DRD_FS_IRQHandler                    0x08000315   Thumb Code     0  startup_stm32h503xx.o(.text)
    WWDG_IRQHandler                          0x08000315   Thumb Code     0  startup_stm32h503xx.o(.text)
    __user_initial_stackheap                 0x08000319   Thumb Code    10  startup_stm32h503xx.o(.text)
    memcmp                                   0x0800033d   Thumb Code    88  memcmp.o(.text)
    __aeabi_memcpy                           0x08000395   Thumb Code     0  rt_memcpy_v6.o(.text)
    __rt_memcpy                              0x08000395   Thumb Code   138  rt_memcpy_v6.o(.text)
    _memcpy_lastbytes                        0x080003fb   Thumb Code     0  rt_memcpy_v6.o(.text)
    __aeabi_memset                           0x0800041f   Thumb Code    16  aeabi_memset.o(.text)
    __aeabi_memclr                           0x0800042f   Thumb Code     0  rt_memclr.o(.text)
    __rt_memclr                              0x0800042f   Thumb Code    68  rt_memclr.o(.text)
    _memset                                  0x08000433   Thumb Code     0  rt_memclr.o(.text)
    __aeabi_memclr4                          0x08000473   Thumb Code     0  rt_memclr_w.o(.text)
    __aeabi_memclr8                          0x08000473   Thumb Code     0  rt_memclr_w.o(.text)
    __rt_memclr_w                            0x08000473   Thumb Code    78  rt_memclr_w.o(.text)
    _memset_w                                0x08000477   Thumb Code     0  rt_memclr_w.o(.text)
    __use_two_region_memory                  0x080004c1   Thumb Code     2  heapauxi.o(.text)
    __rt_heap_escrow$2region                 0x080004c3   Thumb Code     2  heapauxi.o(.text)
    __rt_heap_expand$2region                 0x080004c5   Thumb Code     2  heapauxi.o(.text)
    __aeabi_memcpy4                          0x080004c7   Thumb Code     0  rt_memcpy_w.o(.text)
    __aeabi_memcpy8                          0x080004c7   Thumb Code     0  rt_memcpy_w.o(.text)
    __rt_memcpy_w                            0x080004c7   Thumb Code   100  rt_memcpy_w.o(.text)
    _memcpy_lastbytes_aligned                0x0800050f   Thumb Code     0  rt_memcpy_w.o(.text)
    __user_setup_stackheap                   0x0800052b   Thumb Code    74  sys_stackheap_outer.o(.text)
    exit                                     0x08000575   Thumb Code    18  exit.o(.text)
    __user_libspace                          0x08000589   Thumb Code     8  libspace.o(.text)
    __user_perproc_libspace                  0x08000589   Thumb Code     0  libspace.o(.text)
    __user_perthread_libspace                0x08000589   Thumb Code     0  libspace.o(.text)
    _sys_exit                                0x08000591   Thumb Code     8  sys_exit.o(.text)
    __I$use$semihosting                      0x0800059d   Thumb Code     0  use_no_semi.o(.text)
    __use_no_semihosting_swi                 0x0800059d   Thumb Code     2  use_no_semi.o(.text)
    __semihosting_library_function           0x0800059f   Thumb Code     0  indicate_semi.o(.text)
    Boodloader_Check                         0x080005a1   Thumb Code  1134  bootloader.o(.text.Boodloader_Check)
    BusFault_Handler                         0x08000a11   Thumb Code     2  stm32h5xx_it.o(.text.BusFault_Handler)
    Check_ResetChip                          0x08000a15   Thumb Code    38  bootloader.o(.text.Check_ResetChip)
    DebugMon_Handler                         0x08000a3d   Thumb Code     2  stm32h5xx_it.o(.text.DebugMon_Handler)
    Error_Handler                            0x08000a41   Thumb Code     6  main.o(.text.Error_Handler)
    FLASH_WaitForLastOperation               0x08000a49   Thumb Code   146  stm32h5xx_hal_flash.o(.text.FLASH_WaitForLastOperation)
    Flash_Write_APR_Infor                    0x08000bd9   Thumb Code   272  bootloader.o(.text.Flash_Write_APR_Infor)
    Get_AP_Informations                      0x08000ce9   Thumb Code  1062  bootloader.o(.text.Get_AP_Informations)
    HAL_CRCEx_Polynomial_Set                 0x08001111   Thumb Code   154  stm32h5xx_hal_crc_ex.o(.text.HAL_CRCEx_Polynomial_Set)
    HAL_CRC_Accumulate                       0x080011ad   Thumb Code   618  stm32h5xx_hal_crc.o(.text.HAL_CRC_Accumulate)
    HAL_CRC_Init                             0x08001419   Thumb Code   122  stm32h5xx_hal_crc.o(.text.HAL_CRC_Init)
    HAL_CRC_MspInit                          0x08001495   Thumb Code    50  stm32h5xx_hal_msp.o(.text.HAL_CRC_MspInit)
    HAL_DeInit                               0x080014c9   Thumb Code    92  stm32h5xx_hal.o(.text.HAL_DeInit)
    HAL_Delay                                0x08001525   Thumb Code    40  stm32h5xx_hal.o(.text.HAL_Delay)
    HAL_FLASHEx_Erase                        0x0800154d   Thumb Code   294  stm32h5xx_hal_flash_ex.o(.text.HAL_FLASHEx_Erase)
    HAL_FLASH_Lock                           0x08001675   Thumb Code    26  stm32h5xx_hal_flash.o(.text.HAL_FLASH_Lock)
    HAL_FLASH_Program                        0x08001691   Thumb Code   328  stm32h5xx_hal_flash.o(.text.HAL_FLASH_Program)
    HAL_FLASH_Unlock                         0x080017d9   Thumb Code    46  stm32h5xx_hal_flash.o(.text.HAL_FLASH_Unlock)
    HAL_GPIO_Init                            0x08001809   Thumb Code   408  stm32h5xx_hal_gpio.o(.text.HAL_GPIO_Init)
    HAL_GPIO_TogglePin                       0x080019a1   Thumb Code    16  stm32h5xx_hal_gpio.o(.text.HAL_GPIO_TogglePin)
    HAL_GPIO_WritePin                        0x080019b1   Thumb Code    12  stm32h5xx_hal_gpio.o(.text.HAL_GPIO_WritePin)
    HAL_GetTick                              0x080019bd   Thumb Code    12  stm32h5xx_hal.o(.text.HAL_GetTick)
    HAL_ICACHE_Enable                        0x080019c9   Thumb Code    20  stm32h5xx_hal_icache.o(.text.HAL_ICACHE_Enable)
    HAL_IncTick                              0x080019dd   Thumb Code    26  stm32h5xx_hal.o(.text.HAL_IncTick)
    HAL_Init                                 0x080019f9   Thumb Code    76  stm32h5xx_hal.o(.text.HAL_Init)
    HAL_InitTick                             0x08001a45   Thumb Code   178  stm32h5xx_hal.o(.text.HAL_InitTick)
    HAL_MspDeInit                            0x08001af9   Thumb Code     2  stm32h5xx_hal.o(.text.HAL_MspDeInit)
    HAL_MspInit                              0x08001afd   Thumb Code     2  stm32h5xx_hal_msp.o(.text.HAL_MspInit)
    HAL_NVIC_SetPriority                     0x08001b01   Thumb Code    86  stm32h5xx_hal_cortex.o(.text.HAL_NVIC_SetPriority)
    HAL_NVIC_SetPriorityGrouping             0x08001b59   Thumb Code    32  stm32h5xx_hal_cortex.o(.text.HAL_NVIC_SetPriorityGrouping)
    HAL_RCCEx_PeriphCLKConfig                0x08001b79   Thumb Code  1714  stm32h5xx_hal_rcc_ex.o(.text.HAL_RCCEx_PeriphCLKConfig)
    HAL_RCC_ClockConfig                      0x0800222d   Thumb Code   612  stm32h5xx_hal_rcc.o(.text.HAL_RCC_ClockConfig)
    HAL_RCC_DeInit                           0x08002491   Thumb Code   358  stm32h5xx_hal_rcc.o(.text.HAL_RCC_DeInit)
    HAL_RCC_GetSysClockFreq                  0x080025f9   Thumb Code   296  stm32h5xx_hal_rcc.o(.text.HAL_RCC_GetSysClockFreq)
    HAL_RCC_OscConfig                        0x08002721   Thumb Code  1570  stm32h5xx_hal_rcc.o(.text.HAL_RCC_OscConfig)
    HAL_SPI_Init                             0x08002d45   Thumb Code   336  stm32h5xx_hal_spi.o(.text.HAL_SPI_Init)
    HAL_SPI_MspInit                          0x08002e95   Thumb Code   150  stm32h5xx_hal_msp.o(.text.HAL_SPI_MspInit)
    HAL_SPI_Receive                          0x08002f2d   Thumb Code   658  stm32h5xx_hal_spi.o(.text.HAL_SPI_Receive)
    HAL_SPI_Transmit                         0x080031c1   Thumb Code   920  stm32h5xx_hal_spi.o(.text.HAL_SPI_Transmit)
    HAL_SYSTICK_CLKSourceConfig              0x08003559   Thumb Code   140  stm32h5xx_hal_cortex.o(.text.HAL_SYSTICK_CLKSourceConfig)
    HAL_SYSTICK_Config                       0x080035e5   Thumb Code    36  stm32h5xx_hal_cortex.o(.text.HAL_SYSTICK_Config)
    HAL_SYSTICK_GetCLKSourceConfig           0x08003609   Thumb Code    48  stm32h5xx_hal_cortex.o(.text.HAL_SYSTICK_GetCLKSourceConfig)
    Handle_Mess_Rx                           0x08003639   Thumb Code  4490  bootloader.o(.text.Handle_Mess_Rx)
    HardFault_Handler                        0x080047c5   Thumb Code     2  stm32h5xx_it.o(.text.HardFault_Handler)
    MemManage_Handler                        0x080047c9   Thumb Code     2  stm32h5xx_it.o(.text.MemManage_Handler)
    NMI_Handler                              0x080047cd   Thumb Code     2  stm32h5xx_it.o(.text.NMI_Handler)
    PendSV_Handler                           0x080047d1   Thumb Code     2  stm32h5xx_it.o(.text.PendSV_Handler)
    Read_ETHERNET                            0x080048cd   Thumb Code   224  bootloader.o(.text.Read_ETHERNET)
    SVC_Handler                              0x08004a75   Thumb Code     2  stm32h5xx_it.o(.text.SVC_Handler)
    Setup_Ethernet                           0x08004a79   Thumb Code   364  bootloader.o(.text.Setup_Ethernet)
    SysTick_Handler                          0x08004be5   Thumb Code     4  stm32h5xx_it.o(.text.SysTick_Handler)
    SystemClock_Config                       0x08004be9   Thumb Code   188  main.o(.text.SystemClock_Config)
    SystemInit                               0x08004ca5   Thumb Code   168  system_stm32h5xx.o(.text.SystemInit)
    UsageFault_Handler                       0x08004d4d   Thumb Code     2  stm32h5xx_it.o(.text.UsageFault_Handler)
    W5500_Deselect                           0x08004d51   Thumb Code    18  w5500_spi.o(.text.W5500_Deselect)
    W5500_ReadBuff                           0x08004d65   Thumb Code    20  w5500_spi.o(.text.W5500_ReadBuff)
    W5500_ReadByte                           0x08004d79   Thumb Code    34  w5500_spi.o(.text.W5500_ReadByte)
    W5500_Select                             0x08004d9d   Thumb Code    18  w5500_spi.o(.text.W5500_Select)
    W5500_WriteBuff                          0x08004db1   Thumb Code    20  w5500_spi.o(.text.W5500_WriteBuff)
    W5500_WriteByte                          0x08004dc5   Thumb Code    34  w5500_spi.o(.text.W5500_WriteByte)
    WIZCHIP_READ                             0x08004de9   Thumb Code    98  w5500.o(.text.WIZCHIP_READ)
    WIZCHIP_READ_BUF                         0x08004e4d   Thumb Code   120  w5500.o(.text.WIZCHIP_READ_BUF)
    WIZCHIP_WRITE                            0x08004ec5   Thumb Code   100  w5500.o(.text.WIZCHIP_WRITE)
    WIZCHIP_WRITE_BUF                        0x08004f29   Thumb Code   126  w5500.o(.text.WIZCHIP_WRITE_BUF)
    ctlnetwork                               0x08004fcd   Thumb Code   306  wizchip_conf.o(.text.ctlnetwork)
    ctlsocket                                0x08005101   Thumb Code   218  socket.o(.text.ctlsocket)
    ctlwizchip                               0x080051dd   Thumb Code   498  wizchip_conf.o(.text.ctlwizchip)
    getSn_RX_RSR                             0x080053d1   Thumb Code   376  w5500.o(.text.getSn_RX_RSR)
    getSn_TX_FSR                             0x08005549   Thumb Code   464  w5500.o(.text.getSn_TX_FSR)
    main                                     0x08005719   Thumb Code   368  main.o(.text.main)
    recvfrom                                 0x08005889   Thumb Code   598  socket.o(.text.recvfrom)
    reg_wizchip_cs_cbfunc                    0x08005ae1   Thumb Code    56  wizchip_conf.o(.text.reg_wizchip_cs_cbfunc)
    reg_wizchip_spi_cbfunc                   0x08005b19   Thumb Code    66  wizchip_conf.o(.text.reg_wizchip_spi_cbfunc)
    reg_wizchip_spiburst_cbfunc              0x08005b5d   Thumb Code    66  wizchip_conf.o(.text.reg_wizchip_spiburst_cbfunc)
    sendto                                   0x08005ba1   Thumb Code   398  socket.o(.text.sendto)
    socket                                   0x08005d31   Thumb Code   402  socket.o(.text.socket)
    w5500_Config                             0x08005ec5   Thumb Code    86  w5500_spi.o(.text.w5500_Config)
    w5500_Init                               0x08005f1d   Thumb Code   210  w5500_spi.o(.text.w5500_Init)
    wiz_recv_data                            0x08005ff1   Thumb Code   496  w5500.o(.text.wiz_recv_data)
    wiz_recv_ignore                          0x080061e1   Thumb Code   362  w5500.o(.text.wiz_recv_ignore)
    wiz_send_data                            0x0800634d   Thumb Code   496  w5500.o(.text.wiz_send_data)
    wizchip_bus_readdata                     0x0800653d   Thumb Code     4  wizchip_conf.o(.text.wizchip_bus_readdata)
    wizchip_bus_writedata                    0x08006541   Thumb Code     4  wizchip_conf.o(.text.wizchip_bus_writedata)
    wizchip_clrinterrupt                     0x08006545   Thumb Code   160  wizchip_conf.o(.text.wizchip_clrinterrupt)
    wizchip_cris_enter                       0x080065e5   Thumb Code     2  wizchip_conf.o(.text.wizchip_cris_enter)
    wizchip_cris_exit                        0x080065e9   Thumb Code     2  wizchip_conf.o(.text.wizchip_cris_exit)
    wizchip_cs_deselect                      0x080065ed   Thumb Code     2  wizchip_conf.o(.text.wizchip_cs_deselect)
    wizchip_cs_select                        0x080065f1   Thumb Code     2  wizchip_conf.o(.text.wizchip_cs_select)
    wizchip_init                             0x080065f5   Thumb Code   386  wizchip_conf.o(.text.wizchip_init)
    wizchip_setnetinfo                       0x08006779   Thumb Code    84  wizchip_conf.o(.text.wizchip_setnetinfo)
    wizchip_spi_readburst                    0x080067cd   Thumb Code     2  wizchip_conf.o(.text.wizchip_spi_readburst)
    wizchip_spi_readbyte                     0x080067d1   Thumb Code     4  wizchip_conf.o(.text.wizchip_spi_readbyte)
    wizchip_spi_writeburst                   0x080067d5   Thumb Code     2  wizchip_conf.o(.text.wizchip_spi_writeburst)
    wizchip_spi_writebyte                    0x080067d9   Thumb Code     2  wizchip_conf.o(.text.wizchip_spi_writebyte)
    wizchip_sw_reset                         0x080067dd   Thumb Code   128  wizchip_conf.o(.text.wizchip_sw_reset)
    wizphy_setphyconf                        0x0800685d   Thumb Code   110  wizchip_conf.o(.text.wizphy_setphyconf)
    wizphy_setphypmode                       0x080068cd   Thumb Code   118  wizchip_conf.o(.text.wizphy_setphypmode)
    _fp_init                                 0x08006943   Thumb Code    26  fpinit.o(x$fpl$fpinit)
    __fplib_config_fpu_vfp                   0x0800695b   Thumb Code     0  fpinit.o(x$fpl$fpinit)
    __fplib_config_pureend_doubles           0x0800695b   Thumb Code     0  fpinit.o(x$fpl$fpinit)
    AHBPrescTable                            0x0800695c   Data          16  system_stm32h5xx.o(.rodata.AHBPrescTable)
    Region$$Table$$Base                      0x0800696c   Number         0  anon$$obj.o(Region$$Table)
    Region$$Table$$Limit                     0x0800698c   Number         0  anon$$obj.o(Region$$Table)
    rx_tx_buff_sizes                         0x20000000   Data           8  w5500_spi.o(.data..L_MergedGlobals)
    memsize                                  0x20000008   Data          16  w5500_spi.o(.data..L_MergedGlobals)
    gwIZNETINFO                              0x20000018   Data          23  w5500_spi.o(.data..L_MergedGlobals)
    uwTickFreq                               0x20000030   Data           1  stm32h5xx_hal.o(.data..L_MergedGlobals)
    uwTickPrio                               0x20000034   Data           4  stm32h5xx_hal.o(.data..L_MergedGlobals)
    AP_Infor_default                         0x20000038   Data          39  bootloader.o(.data.AP_Infor_default)
    SystemCoreClock                          0x20000060   Data           4  system_stm32h5xx.o(.data.SystemCoreClock)
    WIZCHIP                                  0x20000064   Data          44  wizchip_conf.o(.data.WIZCHIP)
    pFlash                                   0x20000090   Data          28  stm32h5xx_hal_flash.o(.data.pFlash)
    __libspace_start                         0x200000b0   Data          96  libspace.o(.bss)
    __temporary_stack_top$libspace           0x20000110   Data           0  libspace.o(.bss)
    sock_pack_info                           0x20000112   Data           8  socket.o(.bss..L_MergedGlobals)
    Identify                                 0x20000130   Data           1  bootloader.o(.bss..L_MergedGlobals)
    MODE_FLASH                               0x20000131   Data           1  bootloader.o(.bss..L_MergedGlobals)
    sector_start_flash                       0x20000132   Data           1  bootloader.o(.bss..L_MergedGlobals)
    number_sector_flash                      0x20000133   Data           1  bootloader.o(.bss..L_MergedGlobals)
    des_port                                 0x20000134   Data           2  bootloader.o(.bss..L_MergedGlobals)
    _start_time_reset                        0x20000138   Data           4  bootloader.o(.bss..L_MergedGlobals)
    _interval_time_reset                     0x2000013c   Data           4  bootloader.o(.bss..L_MergedGlobals)
    des_ip                                   0x20000140   Data           4  bootloader.o(.bss..L_MergedGlobals)
    addr_start_flash                         0x20000144   Data           4  bootloader.o(.bss..L_MergedGlobals)
    addr_end_flash                           0x20000148   Data           4  bootloader.o(.bss..L_MergedGlobals)
    AP_Infor_cache                           0x2000014c   Data          39  bootloader.o(.bss..L_MergedGlobals)
    RX_Buffer                                0x20000173   Data          50  bootloader.o(.bss..L_MergedGlobals)
    debug_tick                               0x200001a8   Data           1  main.o(.bss..L_MergedGlobals)
    hcrc                                     0x200001ac   Data          36  main.o(.bss..L_MergedGlobals)
    hspi2                                    0x200001d0   Data         144  main.o(.bss.hspi2)
    uwTick                                   0x20000260   Data           4  stm32h5xx_hal.o(.bss.uwTick)



==============================================================================

Memory Map of the image

  Image Entry point : 0x08000259

  Load Region LR_IROM1 (Base: 0x08000000, Size: 0x00006a40, Max: 0x00020000, ABSOLUTE)

    Execution Region ER_IROM1 (Exec base: 0x08000000, Load base: 0x08000000, Size: 0x0000698c, Max: 0x00020000, ABSOLUTE)

    Exec Addr    Load Addr    Size         Type   Attr      Idx    E Section Name        Object

    0x08000000   0x08000000   0x00000258   Data   RO            3    RESET               startup_stm32h503xx.o
    0x08000258   0x08000258   0x00000008   Code   RO         1116  * !!!main             c_w.l(__main.o)
    0x08000260   0x08000260   0x00000034   Code   RO         1281    !!!scatter          c_w.l(__scatter.o)
    0x08000294   0x08000294   0x0000001a   Code   RO         1283    !!handler_copy      c_w.l(__scatter_copy.o)
    0x080002ae   0x080002ae   0x00000002   PAD
    0x080002b0   0x080002b0   0x0000001c   Code   RO         1285    !!handler_zi        c_w.l(__scatter_zi.o)
    0x080002cc   0x080002cc   0x00000002   Code   RO         1145    .ARM.Collect$$libinit$$00000000  c_w.l(libinit.o)
    0x080002ce   0x080002ce   0x00000004   Code   RO         1151    .ARM.Collect$$libinit$$00000001  c_w.l(libinit2.o)
    0x080002d2   0x080002d2   0x00000000   Code   RO         1154    .ARM.Collect$$libinit$$00000004  c_w.l(libinit2.o)
    0x080002d2   0x080002d2   0x00000000   Code   RO         1157    .ARM.Collect$$libinit$$0000000A  c_w.l(libinit2.o)
    0x080002d2   0x080002d2   0x00000000   Code   RO         1159    .ARM.Collect$$libinit$$0000000C  c_w.l(libinit2.o)
    0x080002d2   0x080002d2   0x00000000   Code   RO         1161    .ARM.Collect$$libinit$$0000000E  c_w.l(libinit2.o)
    0x080002d2   0x080002d2   0x00000000   Code   RO         1164    .ARM.Collect$$libinit$$00000011  c_w.l(libinit2.o)
    0x080002d2   0x080002d2   0x00000000   Code   RO         1166    .ARM.Collect$$libinit$$00000013  c_w.l(libinit2.o)
    0x080002d2   0x080002d2   0x00000000   Code   RO         1168    .ARM.Collect$$libinit$$00000015  c_w.l(libinit2.o)
    0x080002d2   0x080002d2   0x00000000   Code   RO         1170    .ARM.Collect$$libinit$$00000017  c_w.l(libinit2.o)
    0x080002d2   0x080002d2   0x00000000   Code   RO         1172    .ARM.Collect$$libinit$$00000019  c_w.l(libinit2.o)
    0x080002d2   0x080002d2   0x00000000   Code   RO         1174    .ARM.Collect$$libinit$$0000001B  c_w.l(libinit2.o)
    0x080002d2   0x080002d2   0x00000000   Code   RO         1176    .ARM.Collect$$libinit$$0000001D  c_w.l(libinit2.o)
    0x080002d2   0x080002d2   0x00000000   Code   RO         1178    .ARM.Collect$$libinit$$0000001F  c_w.l(libinit2.o)
    0x080002d2   0x080002d2   0x00000000   Code   RO         1180    .ARM.Collect$$libinit$$00000021  c_w.l(libinit2.o)
    0x080002d2   0x080002d2   0x00000000   Code   RO         1182    .ARM.Collect$$libinit$$00000023  c_w.l(libinit2.o)
    0x080002d2   0x080002d2   0x00000000   Code   RO         1184    .ARM.Collect$$libinit$$00000025  c_w.l(libinit2.o)
    0x080002d2   0x080002d2   0x00000000   Code   RO         1188    .ARM.Collect$$libinit$$0000002C  c_w.l(libinit2.o)
    0x080002d2   0x080002d2   0x00000000   Code   RO         1190    .ARM.Collect$$libinit$$0000002E  c_w.l(libinit2.o)
    0x080002d2   0x080002d2   0x00000000   Code   RO         1192    .ARM.Collect$$libinit$$00000030  c_w.l(libinit2.o)
    0x080002d2   0x080002d2   0x00000000   Code   RO         1194    .ARM.Collect$$libinit$$00000032  c_w.l(libinit2.o)
    0x080002d2   0x080002d2   0x00000002   Code   RO         1195    .ARM.Collect$$libinit$$00000033  c_w.l(libinit2.o)
    0x080002d4   0x080002d4   0x00000002   Code   RO         1217    .ARM.Collect$$libshutdown$$00000000  c_w.l(libshutdown.o)
    0x080002d6   0x080002d6   0x00000000   Code   RO         1232    .ARM.Collect$$libshutdown$$00000002  c_w.l(libshutdown2.o)
    0x080002d6   0x080002d6   0x00000000   Code   RO         1234    .ARM.Collect$$libshutdown$$00000004  c_w.l(libshutdown2.o)
    0x080002d6   0x080002d6   0x00000000   Code   RO         1237    .ARM.Collect$$libshutdown$$00000007  c_w.l(libshutdown2.o)
    0x080002d6   0x080002d6   0x00000000   Code   RO         1240    .ARM.Collect$$libshutdown$$0000000A  c_w.l(libshutdown2.o)
    0x080002d6   0x080002d6   0x00000000   Code   RO         1242    .ARM.Collect$$libshutdown$$0000000C  c_w.l(libshutdown2.o)
    0x080002d6   0x080002d6   0x00000000   Code   RO         1245    .ARM.Collect$$libshutdown$$0000000F  c_w.l(libshutdown2.o)
    0x080002d6   0x080002d6   0x00000002   Code   RO         1246    .ARM.Collect$$libshutdown$$00000010  c_w.l(libshutdown2.o)
    0x080002d8   0x080002d8   0x00000000   Code   RO         1118    .ARM.Collect$$rtentry$$00000000  c_w.l(__rtentry.o)
    0x080002d8   0x080002d8   0x00000000   Code   RO         1122    .ARM.Collect$$rtentry$$00000002  c_w.l(__rtentry2.o)
    0x080002d8   0x080002d8   0x00000006   Code   RO         1134    .ARM.Collect$$rtentry$$00000004  c_w.l(__rtentry4.o)
    0x080002de   0x080002de   0x00000000   Code   RO         1124    .ARM.Collect$$rtentry$$00000009  c_w.l(__rtentry2.o)
    0x080002de   0x080002de   0x00000004   Code   RO         1125    .ARM.Collect$$rtentry$$0000000A  c_w.l(__rtentry2.o)
    0x080002e2   0x080002e2   0x00000000   Code   RO         1127    .ARM.Collect$$rtentry$$0000000C  c_w.l(__rtentry2.o)
    0x080002e2   0x080002e2   0x00000008   Code   RO         1128    .ARM.Collect$$rtentry$$0000000D  c_w.l(__rtentry2.o)
    0x080002ea   0x080002ea   0x00000002   Code   RO         1149    .ARM.Collect$$rtexit$$00000000  c_w.l(rtexit.o)
    0x080002ec   0x080002ec   0x00000000   Code   RO         1197    .ARM.Collect$$rtexit$$00000002  c_w.l(rtexit2.o)
    0x080002ec   0x080002ec   0x00000004   Code   RO         1198    .ARM.Collect$$rtexit$$00000003  c_w.l(rtexit2.o)
    0x080002f0   0x080002f0   0x00000006   Code   RO         1199    .ARM.Collect$$rtexit$$00000004  c_w.l(rtexit2.o)
    0x080002f6   0x080002f6   0x00000002   PAD
    0x080002f8   0x080002f8   0x00000044   Code   RO            4    .text               startup_stm32h503xx.o
    0x0800033c   0x0800033c   0x00000058   Code   RO         1104    .text               c_w.l(memcmp.o)
    0x08000394   0x08000394   0x0000008a   Code   RO         1106    .text               c_w.l(rt_memcpy_v6.o)
    0x0800041e   0x0800041e   0x00000010   Code   RO         1108    .text               c_w.l(aeabi_memset.o)
    0x0800042e   0x0800042e   0x00000044   Code   RO         1110    .text               c_w.l(rt_memclr.o)
    0x08000472   0x08000472   0x0000004e   Code   RO         1112    .text               c_w.l(rt_memclr_w.o)
    0x080004c0   0x080004c0   0x00000006   Code   RO         1114    .text               c_w.l(heapauxi.o)
    0x080004c6   0x080004c6   0x00000064   Code   RO         1119    .text               c_w.l(rt_memcpy_w.o)
    0x0800052a   0x0800052a   0x0000004a   Code   RO         1136    .text               c_w.l(sys_stackheap_outer.o)
    0x08000574   0x08000574   0x00000012   Code   RO         1138    .text               c_w.l(exit.o)
    0x08000586   0x08000586   0x00000002   PAD
    0x08000588   0x08000588   0x00000008   Code   RO         1146    .text               c_w.l(libspace.o)
    0x08000590   0x08000590   0x0000000c   Code   RO         1207    .text               c_w.l(sys_exit.o)
    0x0800059c   0x0800059c   0x00000002   Code   RO         1222    .text               c_w.l(use_no_semi.o)
    0x0800059e   0x0800059e   0x00000000   Code   RO         1224    .text               c_w.l(indicate_semi.o)
    0x0800059e   0x0800059e   0x00000002   PAD
    0x080005a0   0x080005a0   0x0000046e   Code   RO          180    .text.Boodloader_Check  bootloader.o
    0x08000a0e   0x08000a0e   0x00000002   PAD
    0x08000a10   0x08000a10   0x00000002   Code   RO          233    .text.BusFault_Handler  stm32h5xx_it.o
    0x08000a12   0x08000a12   0x00000002   PAD
    0x08000a14   0x08000a14   0x00000026   Code   RO          188    .text.Check_ResetChip  bootloader.o
    0x08000a3a   0x08000a3a   0x00000002   PAD
    0x08000a3c   0x08000a3c   0x00000002   Code   RO          239    .text.DebugMon_Handler  stm32h5xx_it.o
    0x08000a3e   0x08000a3e   0x00000002   PAD
    0x08000a40   0x08000a40   0x00000006   Code   RO          215    .text.Error_Handler  main.o
    0x08000a46   0x08000a46   0x00000002   PAD
    0x08000a48   0x08000a48   0x00000092   Code   RO          462    .text.FLASH_WaitForLastOperation  stm32h5xx_hal_flash.o
    0x08000ada   0x08000ada   0x00000002   PAD
    0x08000adc   0x08000adc   0x000000fa   Code   RO          182    .text.Flash_Erase   bootloader.o
    0x08000bd6   0x08000bd6   0x00000002   PAD
    0x08000bd8   0x08000bd8   0x00000110   Code   RO          178    .text.Flash_Write_APR_Infor  bootloader.o
    0x08000ce8   0x08000ce8   0x00000426   Code   RO          194    .text.Get_AP_Informations  bootloader.o
    0x0800110e   0x0800110e   0x00000002   PAD
    0x08001110   0x08001110   0x0000009a   Code   RO          346    .text.HAL_CRCEx_Polynomial_Set  stm32h5xx_hal_crc_ex.o
    0x080011aa   0x080011aa   0x00000002   PAD
    0x080011ac   0x080011ac   0x0000026a   Code   RO          332    .text.HAL_CRC_Accumulate  stm32h5xx_hal_crc.o
    0x08001416   0x08001416   0x00000002   PAD
    0x08001418   0x08001418   0x0000007a   Code   RO          324    .text.HAL_CRC_Init  stm32h5xx_hal_crc.o
    0x08001492   0x08001492   0x00000002   PAD
    0x08001494   0x08001494   0x00000032   Code   RO          254    .text.HAL_CRC_MspInit  stm32h5xx_hal_msp.o
    0x080014c6   0x080014c6   0x00000002   PAD
    0x080014c8   0x080014c8   0x0000005c   Code   RO          798    .text.HAL_DeInit    stm32h5xx_hal.o
    0x08001524   0x08001524   0x00000028   Code   RO          812    .text.HAL_Delay     stm32h5xx_hal.o
    0x0800154c   0x0800154c   0x00000126   Code   RO          493    .text.HAL_FLASHEx_Erase  stm32h5xx_hal_flash_ex.o
    0x08001672   0x08001672   0x00000002   PAD
    0x08001674   0x08001674   0x0000001a   Code   RO          474    .text.HAL_FLASH_Lock  stm32h5xx_hal_flash.o
    0x0800168e   0x0800168e   0x00000002   PAD
    0x08001690   0x08001690   0x00000148   Code   RO          460    .text.HAL_FLASH_Program  stm32h5xx_hal_flash.o
    0x080017d8   0x080017d8   0x0000002e   Code   RO          472    .text.HAL_FLASH_Unlock  stm32h5xx_hal_flash.o
    0x08001806   0x08001806   0x00000002   PAD
    0x08001808   0x08001808   0x00000198   Code   RO          535    .text.HAL_GPIO_Init  stm32h5xx_hal_gpio.o
    0x080019a0   0x080019a0   0x00000010   Code   RO          545    .text.HAL_GPIO_TogglePin  stm32h5xx_hal_gpio.o
    0x080019b0   0x080019b0   0x0000000c   Code   RO          541    .text.HAL_GPIO_WritePin  stm32h5xx_hal_gpio.o
    0x080019bc   0x080019bc   0x0000000c   Code   RO          804    .text.HAL_GetTick   stm32h5xx_hal.o
    0x080019c8   0x080019c8   0x00000014   Code   RO          934    .text.HAL_ICACHE_Enable  stm32h5xx_hal_icache.o
    0x080019dc   0x080019dc   0x0000001a   Code   RO          802    .text.HAL_IncTick   stm32h5xx_hal.o
    0x080019f6   0x080019f6   0x00000002   PAD
    0x080019f8   0x080019f8   0x0000004c   Code   RO          792    .text.HAL_Init      stm32h5xx_hal.o
    0x08001a44   0x08001a44   0x000000b2   Code   RO          794    .text.HAL_InitTick  stm32h5xx_hal.o
    0x08001af6   0x08001af6   0x00000002   PAD
    0x08001af8   0x08001af8   0x00000002   Code   RO          800    .text.HAL_MspDeInit  stm32h5xx_hal.o
    0x08001afa   0x08001afa   0x00000002   PAD
    0x08001afc   0x08001afc   0x00000002   Code   RO          252    .text.HAL_MspInit   stm32h5xx_hal_msp.o
    0x08001afe   0x08001afe   0x00000002   PAD
    0x08001b00   0x08001b00   0x00000056   Code   RO          272    .text.HAL_NVIC_SetPriority  stm32h5xx_hal_cortex.o
    0x08001b56   0x08001b56   0x00000002   PAD
    0x08001b58   0x08001b58   0x00000020   Code   RO          270    .text.HAL_NVIC_SetPriorityGrouping  stm32h5xx_hal_cortex.o
    0x08001b78   0x08001b78   0x000006b2   Code   RO          402    .text.HAL_RCCEx_PeriphCLKConfig  stm32h5xx_hal_rcc_ex.o
    0x0800222a   0x0800222a   0x00000002   PAD
    0x0800222c   0x0800222c   0x00000264   Code   RO          366    .text.HAL_RCC_ClockConfig  stm32h5xx_hal_rcc.o
    0x08002490   0x08002490   0x00000166   Code   RO          360    .text.HAL_RCC_DeInit  stm32h5xx_hal_rcc.o
    0x080025f6   0x080025f6   0x00000002   PAD
    0x080025f8   0x080025f8   0x00000128   Code   RO          368    .text.HAL_RCC_GetSysClockFreq  stm32h5xx_hal_rcc.o
    0x08002720   0x08002720   0x00000622   Code   RO          362    .text.HAL_RCC_OscConfig  stm32h5xx_hal_rcc.o
    0x08002d42   0x08002d42   0x00000002   PAD
    0x08002d44   0x08002d44   0x00000150   Code   RO          970    .text.HAL_SPI_Init  stm32h5xx_hal_spi.o
    0x08002e94   0x08002e94   0x00000096   Code   RO          258    .text.HAL_SPI_MspInit  stm32h5xx_hal_msp.o
    0x08002f2a   0x08002f2a   0x00000002   PAD
    0x08002f2c   0x08002f2c   0x00000292   Code   RO          982    .text.HAL_SPI_Receive  stm32h5xx_hal_spi.o
    0x080031be   0x080031be   0x00000002   PAD
    0x080031c0   0x080031c0   0x00000398   Code   RO          978    .text.HAL_SPI_Transmit  stm32h5xx_hal_spi.o
    0x08003558   0x08003558   0x0000008c   Code   RO          296    .text.HAL_SYSTICK_CLKSourceConfig  stm32h5xx_hal_cortex.o
    0x080035e4   0x080035e4   0x00000024   Code   RO          294    .text.HAL_SYSTICK_Config  stm32h5xx_hal_cortex.o
    0x08003608   0x08003608   0x00000030   Code   RO          298    .text.HAL_SYSTICK_GetCLKSourceConfig  stm32h5xx_hal_cortex.o
    0x08003638   0x08003638   0x0000118a   Code   RO          190    .text.Handle_Mess_Rx  bootloader.o
    0x080047c2   0x080047c2   0x00000002   PAD
    0x080047c4   0x080047c4   0x00000002   Code   RO          229    .text.HardFault_Handler  stm32h5xx_it.o
    0x080047c6   0x080047c6   0x00000002   PAD
    0x080047c8   0x080047c8   0x00000002   Code   RO          231    .text.MemManage_Handler  stm32h5xx_it.o
    0x080047ca   0x080047ca   0x00000002   PAD
    0x080047cc   0x080047cc   0x00000002   Code   RO          227    .text.NMI_Handler   stm32h5xx_it.o
    0x080047ce   0x080047ce   0x00000002   PAD
    0x080047d0   0x080047d0   0x00000002   Code   RO          241    .text.PendSV_Handler  stm32h5xx_it.o
    0x080047d2   0x080047d2   0x00000002   PAD
    0x080047d4   0x080047d4   0x000000f8   Code   RO          404    .text.RCCEx_PLL2_Config  stm32h5xx_hal_rcc_ex.o
    0x080048cc   0x080048cc   0x000000e0   Code   RO          198    .text.Read_ETHERNET  bootloader.o
    0x080049ac   0x080049ac   0x000000c8   Code   RO          980    .text.SPI_CloseTransfer  stm32h5xx_hal_spi.o
    0x08004a74   0x08004a74   0x00000002   Code   RO          237    .text.SVC_Handler   stm32h5xx_it.o
    0x08004a76   0x08004a76   0x00000002   PAD
    0x08004a78   0x08004a78   0x0000016c   Code   RO          196    .text.Setup_Ethernet  bootloader.o
    0x08004be4   0x08004be4   0x00000004   Code   RO          243    .text.SysTick_Handler  stm32h5xx_it.o
    0x08004be8   0x08004be8   0x000000bc   Code   RO          213    .text.SystemClock_Config  main.o
    0x08004ca4   0x08004ca4   0x000000a8   Code   RO         1088    .text.SystemInit    system_stm32h5xx.o
    0x08004d4c   0x08004d4c   0x00000002   Code   RO          235    .text.UsageFault_Handler  stm32h5xx_it.o
    0x08004d4e   0x08004d4e   0x00000002   PAD
    0x08004d50   0x08004d50   0x00000012   Code   RO           61    .text.W5500_Deselect  w5500_spi.o
    0x08004d62   0x08004d62   0x00000002   PAD
    0x08004d64   0x08004d64   0x00000014   Code   RO           63    .text.W5500_ReadBuff  w5500_spi.o
    0x08004d78   0x08004d78   0x00000022   Code   RO           67    .text.W5500_ReadByte  w5500_spi.o
    0x08004d9a   0x08004d9a   0x00000002   PAD
    0x08004d9c   0x08004d9c   0x00000012   Code   RO           59    .text.W5500_Select  w5500_spi.o
    0x08004dae   0x08004dae   0x00000002   PAD
    0x08004db0   0x08004db0   0x00000014   Code   RO           65    .text.W5500_WriteBuff  w5500_spi.o
    0x08004dc4   0x08004dc4   0x00000022   Code   RO           69    .text.W5500_WriteByte  w5500_spi.o
    0x08004de6   0x08004de6   0x00000002   PAD
    0x08004de8   0x08004de8   0x00000062   Code   RO           33    .text.WIZCHIP_READ  w5500.o
    0x08004e4a   0x08004e4a   0x00000002   PAD
    0x08004e4c   0x08004e4c   0x00000078   Code   RO           37    .text.WIZCHIP_READ_BUF  w5500.o
    0x08004ec4   0x08004ec4   0x00000064   Code   RO           35    .text.WIZCHIP_WRITE  w5500.o
    0x08004f28   0x08004f28   0x0000007e   Code   RO           39    .text.WIZCHIP_WRITE_BUF  w5500.o
    0x08004fa6   0x08004fa6   0x00000002   PAD
    0x08004fa8   0x08004fa8   0x00000024   Code   RO          184    .text.__NVIC_SystemReset  bootloader.o
    0x08004fcc   0x08004fcc   0x00000132   Code   RO          140    .text.ctlnetwork    wizchip_conf.o
    0x080050fe   0x080050fe   0x00000002   PAD
    0x08005100   0x08005100   0x000000da   Code   RO           21    .text.ctlsocket     socket.o
    0x080051da   0x080051da   0x00000002   PAD
    0x080051dc   0x080051dc   0x000001f2   Code   RO          114    .text.ctlwizchip    wizchip_conf.o
    0x080053ce   0x080053ce   0x00000002   PAD
    0x080053d0   0x080053d0   0x00000178   Code   RO           43    .text.getSn_RX_RSR  w5500.o
    0x08005548   0x08005548   0x000001d0   Code   RO           41    .text.getSn_TX_FSR  w5500.o
    0x08005718   0x08005718   0x00000170   Code   RO          211    .text.main          main.o
    0x08005888   0x08005888   0x00000256   Code   RO           19    .text.recvfrom      socket.o
    0x08005ade   0x08005ade   0x00000002   PAD
    0x08005ae0   0x08005ae0   0x00000038   Code   RO          106    .text.reg_wizchip_cs_cbfunc  wizchip_conf.o
    0x08005b18   0x08005b18   0x00000042   Code   RO          110    .text.reg_wizchip_spi_cbfunc  wizchip_conf.o
    0x08005b5a   0x08005b5a   0x00000002   PAD
    0x08005b5c   0x08005b5c   0x00000042   Code   RO          112    .text.reg_wizchip_spiburst_cbfunc  wizchip_conf.o
    0x08005b9e   0x08005b9e   0x00000002   PAD
    0x08005ba0   0x08005ba0   0x0000018e   Code   RO           17    .text.sendto        socket.o
    0x08005d2e   0x08005d2e   0x00000002   PAD
    0x08005d30   0x08005d30   0x00000192   Code   RO           11    .text.socket        socket.o
    0x08005ec2   0x08005ec2   0x00000002   PAD
    0x08005ec4   0x08005ec4   0x00000056   Code   RO           73    .text.w5500_Config  w5500_spi.o
    0x08005f1a   0x08005f1a   0x00000002   PAD
    0x08005f1c   0x08005f1c   0x000000d2   Code   RO           71    .text.w5500_Init    w5500_spi.o
    0x08005fee   0x08005fee   0x00000002   PAD
    0x08005ff0   0x08005ff0   0x000001f0   Code   RO           47    .text.wiz_recv_data  w5500.o
    0x080061e0   0x080061e0   0x0000016a   Code   RO           49    .text.wiz_recv_ignore  w5500.o
    0x0800634a   0x0800634a   0x00000002   PAD
    0x0800634c   0x0800634c   0x000001f0   Code   RO           45    .text.wiz_send_data  w5500.o
    0x0800653c   0x0800653c   0x00000004   Code   RO           92    .text.wizchip_bus_readdata  wizchip_conf.o
    0x08006540   0x08006540   0x00000004   Code   RO           94    .text.wizchip_bus_writedata  wizchip_conf.o
    0x08006544   0x08006544   0x000000a0   Code   RO          120    .text.wizchip_clrinterrupt  wizchip_conf.o
    0x080065e4   0x080065e4   0x00000002   Code   RO           84    .text.wizchip_cris_enter  wizchip_conf.o
    0x080065e6   0x080065e6   0x00000002   PAD
    0x080065e8   0x080065e8   0x00000002   Code   RO           86    .text.wizchip_cris_exit  wizchip_conf.o
    0x080065ea   0x080065ea   0x00000002   PAD
    0x080065ec   0x080065ec   0x00000002   Code   RO           90    .text.wizchip_cs_deselect  wizchip_conf.o
    0x080065ee   0x080065ee   0x00000002   PAD
    0x080065f0   0x080065f0   0x00000002   Code   RO           88    .text.wizchip_cs_select  wizchip_conf.o
    0x080065f2   0x080065f2   0x00000002   PAD
    0x080065f4   0x080065f4   0x00000182   Code   RO          118    .text.wizchip_init  wizchip_conf.o
    0x08006776   0x08006776   0x00000002   PAD
    0x08006778   0x08006778   0x00000054   Code   RO          142    .text.wizchip_setnetinfo  wizchip_conf.o
    0x080067cc   0x080067cc   0x00000002   Code   RO          100    .text.wizchip_spi_readburst  wizchip_conf.o
    0x080067ce   0x080067ce   0x00000002   PAD
    0x080067d0   0x080067d0   0x00000004   Code   RO           96    .text.wizchip_spi_readbyte  wizchip_conf.o
    0x080067d4   0x080067d4   0x00000002   Code   RO          102    .text.wizchip_spi_writeburst  wizchip_conf.o
    0x080067d6   0x080067d6   0x00000002   PAD
    0x080067d8   0x080067d8   0x00000002   Code   RO           98    .text.wizchip_spi_writebyte  wizchip_conf.o
    0x080067da   0x080067da   0x00000002   PAD
    0x080067dc   0x080067dc   0x00000080   Code   RO          116    .text.wizchip_sw_reset  wizchip_conf.o
    0x0800685c   0x0800685c   0x0000006e   Code   RO          130    .text.wizphy_setphyconf  wizchip_conf.o
    0x080068ca   0x080068ca   0x00000002   PAD
    0x080068cc   0x080068cc   0x00000076   Code   RO          134    .text.wizphy_setphypmode  wizchip_conf.o
    0x08006942   0x08006942   0x0000001a   Code   RO         1205    x$fpl$fpinit        fz_wm.l(fpinit.o)
    0x0800695c   0x0800695c   0x00000010   Data   RO         1093    .rodata.AHBPrescTable  system_stm32h5xx.o
    0x0800696c   0x0800696c   0x00000020   Data   RO         1280    Region$$Table       anon$$obj.o


    Execution Region RW_IRAM1 (Exec base: 0x20000000, Load base: 0x08006990, Size: 0x00000868, Max: 0x00008000, ABSOLUTE)

    Exec Addr    Load Addr    Size         Type   Attr      Idx    E Section Name        Object

    0x20000000   0x08006990   0x0000002f   Data   RW           75    .data..L_MergedGlobals  w5500_spi.o
    0x2000002f   0x080069bf   0x00000001   PAD
    0x20000030   0x080069c0   0x00000008   Data   RW          891    .data..L_MergedGlobals  stm32h5xx_hal.o
    0x20000038   0x080069c8   0x00000027   Data   RW          200    .data.AP_Infor_default  bootloader.o
    0x2000005f   0x080069ef   0x00000001   PAD
    0x20000060   0x080069f0   0x00000004   Data   RW         1092    .data.SystemCoreClock  system_stm32h5xx.o
    0x20000064   0x080069f4   0x0000002c   Data   RW          156    .data.WIZCHIP       wizchip_conf.o
    0x20000090   0x08006a20   0x0000001c   Data   RW          484    .data.pFlash        stm32h5xx_hal_flash.o
    0x200000ac   0x08006a3c   0x00000002   Data   RW           23    .data.sock_any_port  socket.o
    0x200000ae   0x08006a3e   0x00000002   PAD
    0x200000b0        -       0x00000060   Zero   RW         1147    .bss                c_w.l(libspace.o)
    0x20000110        -       0x0000001a   Zero   RW           24    .bss..L_MergedGlobals  socket.o
    0x2000012a        -       0x00000005   Zero   RW          157    .bss..L_MergedGlobals  wizchip_conf.o
    0x2000012f   0x08006a3e   0x00000001   PAD
    0x20000130        -       0x00000075   Zero   RW          202    .bss..L_MergedGlobals  bootloader.o
    0x200001a5   0x08006a3e   0x00000003   PAD
    0x200001a8        -       0x00000028   Zero   RW          219    .bss..L_MergedGlobals  main.o
    0x200001d0        -       0x00000090   Zero   RW          217    .bss.hspi2          main.o
    0x20000260        -       0x00000004   Zero   RW          890    .bss.uwTick         stm32h5xx_hal.o
    0x20000264   0x08006a3e   0x00000004   PAD
    0x20000268        -       0x00000200   Zero   RW            2    HEAP                startup_stm32h503xx.o
    0x20000468        -       0x00000400   Zero   RW            1    STACK               startup_stm32h503xx.o


==============================================================================

Image component sizes


      Code (inc. data)   RO Data    RW Data    ZI Data      Debug   Object Name

      7870          8          0         39        117      30636   bootloader.o
       562          0          0          0        184      10949   main.o
      1616          8          0          2         26       5611   socket.o
        68         28        600          0       1536        956   startup_stm32h503xx.o
       426          0          0          8          4      11958   stm32h5xx_hal.o
       342          6          0          0          0      13297   stm32h5xx_hal_cortex.o
       740          0          0          0          0       6676   stm32h5xx_hal_crc.o
       154          4          0          0          0       2795   stm32h5xx_hal_crc_ex.o
       546          0          0         28          0       8553   stm32h5xx_hal_flash.o
       294          0          0          0          0      11382   stm32h5xx_hal_flash_ex.o
       436          0          0          0          0       5118   stm32h5xx_hal_gpio.o
        20          0          0          0          0       3971   stm32h5xx_hal_icache.o
       202          0          0          0          0       9218   stm32h5xx_hal_msp.o
      2836         16          0          0          0      11890   stm32h5xx_hal_rcc.o
      1962          0          0          0          0      17580   stm32h5xx_hal_rcc_ex.o
      2114          0          0          0          0      23106   stm32h5xx_hal_spi.o
        20          0          0          0          0       1020   stm32h5xx_it.o
       168          0         16          4          0       5350   system_stm32h5xx.o
      2638          0          0          0          0       8838   w5500.o
       440          0          0         47          0       3840   w5500_spi.o
      2004         22          0         44          5      13319   wizchip_conf.o

    ----------------------------------------------------------------------
     25574         92        648        176       1880     206063   Object Totals
         0          0         32          0          0          0   (incl. Generated)
       116          0          0          4          8          0   (incl. Padding)

    ----------------------------------------------------------------------

      Code (inc. data)   RO Data    RW Data    ZI Data      Debug   Library Member Name

         8          0          0          0          0         68   __main.o
         0          0          0          0          0          0   __rtentry.o
        12          0          0          0          0          0   __rtentry2.o
         6          0          0          0          0          0   __rtentry4.o
        52          8          0          0          0          0   __scatter.o
        26          0          0          0          0          0   __scatter_copy.o
        28          0          0          0          0          0   __scatter_zi.o
        16          0          0          0          0         68   aeabi_memset.o
        18          0          0          0          0         80   exit.o
         6          0          0          0          0        152   heapauxi.o
         0          0          0          0          0          0   indicate_semi.o
         2          0          0          0          0          0   libinit.o
         6          0          0          0          0          0   libinit2.o
         2          0          0          0          0          0   libshutdown.o
         2          0          0          0          0          0   libshutdown2.o
         8          4          0          0         96         68   libspace.o
        88          0          0          0          0         76   memcmp.o
        68          0          0          0          0         68   rt_memclr.o
        78          0          0          0          0         80   rt_memclr_w.o
       138          0          0          0          0         68   rt_memcpy_v6.o
       100          0          0          0          0         80   rt_memcpy_w.o
         2          0          0          0          0          0   rtexit.o
        10          0          0          0          0          0   rtexit2.o
        12          4          0          0          0         68   sys_exit.o
        74          0          0          0          0         80   sys_stackheap_outer.o
         2          0          0          0          0         68   use_no_semi.o
        26          0          0          0          0        116   fpinit.o

    ----------------------------------------------------------------------
       798         16          0          0         96       1140   Library Totals
         8          0          0          0          0          0   (incl. Padding)

    ----------------------------------------------------------------------

      Code (inc. data)   RO Data    RW Data    ZI Data      Debug   Library Name

       764         16          0          0         96       1024   c_w.l
        26          0          0          0          0        116   fz_wm.l

    ----------------------------------------------------------------------
       798         16          0          0         96       1140   Library Totals

    ----------------------------------------------------------------------

==============================================================================


      Code (inc. data)   RO Data    RW Data    ZI Data      Debug   

     26372        108        648        176       1976     206431   Grand Totals
     26372        108        648        176       1976     206431   ELF Image Totals
     26372        108        648        176          0          0   ROM Totals

==============================================================================

    Total RO  Size (Code + RO Data)                27020 (  26.39kB)
    Total RW  Size (RW Data + ZI Data)              2152 (   2.10kB)
    Total ROM Size (Code + RO Data + RW Data)      27196 (  26.56kB)

==============================================================================

