<html>
<body>
<pre>
<h1>µVision Build Log</h1>
<h2>Tool Versions:</h2>
IDE-Version: µVision V5.31.0.0
Copyright (C) 2020 ARM Ltd and ARM Germany GmbH. All rights reserved.
License Information: aaa ADMIN, vt, LIC=VGXG8-3KK0H-NNEAF-6P0K2-MJ3C8-M16FN
 
Tool Versions:
Toolchain:       MDK-ARM Plus  Version: 5.31.0.0
Toolchain Path:  C:\Keil_v5\ARM\ARMCLANG\Bin
C Compiler:      ArmClang.exe V6.14
Assembler:       Armasm.exe V6.14
Linker/Locator:  ArmLink.exe V6.14
Library Manager: ArmAr.exe V6.14
Hex Converter:   FromElf.exe V6.14
CPU DLL:         
Dialog DLL:      
Target DLL:      STLink\ST-LINKIII-KEIL_SWO.dll V3.0.7.0
Dialog DLL:      TCM.DLL V1.46.0.0
 
<h2>Project:</h2>
E:\DEV_SPACE__\Bootloader_dev\Bootloader_Fw_APR_Project\MDK-ARM\Bootloader_Fw_APR_Project.uvprojx
Project File Date:  07/04/2025

<h2>Output:</h2>
*** Using Compiler 'V6.14', folder: 'C:\Keil_v5\ARM\ARMCLANG\Bin'
Rebuild target 'Bootloader_Fw_APR_Project'
assembling startup_stm32h503xx.s...
compiling w5500_spi.c...
compiling main.c...
compiling w5500.c...
compiling wizchip_conf.c...
../Core/Src/socket.c(488): warning: while loop has empty body [-Wempty-body]
        while(getSn_CR(sn));
                           ^
../Core/Src/socket.c(488): note: put the semicolon on a separate line to silence this warning
../Core/Src/socket.c(566): warning: while loop has empty body [-Wempty-body]
                        while(getSn_CR(sn));
                                           ^
../Core/Src/socket.c(566): note: put the semicolon on a separate line to silence this warning
../Core/Src/socket.c(620): warning: while loop has empty body [-Wempty-body]
                        while(getSn_CR(sn));
                                           ^
../Core/Src/socket.c(620): note: put the semicolon on a separate line to silence this warning
3 warnings generated.
compiling socket.c...
compiling stm32h5xx_it.c...
compiling stm32h5xx_hal_msp.c...
compiling stm32h5xx_hal_crc_ex.c...
compiling stm32h5xx_hal_cortex.c...
compiling stm32h5xx_hal_crc.c...
compiling bootloader.c...
compiling stm32h5xx_hal_flash.c...
compiling stm32h5xx_hal_rcc.c...
compiling stm32h5xx_hal_gpio.c...
compiling stm32h5xx_hal_flash_ex.c...
compiling stm32h5xx_hal_rcc_ex.c...
compiling stm32h5xx_hal_dma.c...
compiling stm32h5xx_hal_pwr.c...
compiling stm32h5xx_hal_pwr_ex.c...
compiling stm32h5xx_hal_exti.c...
compiling stm32h5xx_hal.c...
compiling stm32h5xx_hal_icache.c...
compiling stm32h5xx_hal_spi_ex.c...
compiling stm32h5xx_hal_tim.c...
compiling stm32h5xx_hal_tim_ex.c...
compiling system_stm32h5xx.c...
compiling stm32h5xx_hal_dma_ex.c...
compiling stm32h5xx_hal_spi.c...
linking...
Program Size: Code=26372 RO-data=648 RW-data=176 ZI-data=1976  
FromELF: creating hex file...
"Bootloader_Fw_APR_Project\Bootloader_Fw_APR_Project.axf" - 0 Error(s), 3 Warning(s).

<h2>Software Packages used:</h2>

Package Vendor: ARM
                http://www.keil.com/pack/ARM.CMSIS.5.9.0.pack
                ARM.CMSIS.5.9.0
                CMSIS (Common Microcontroller Software Interface Standard)
   * Component: CORE Version: 5.6.0

Package Vendor: Keil
                https://www.keil.com/pack/Keil.STM32H5xx_DFP.1.3.0.pack
                Keil.STM32H5xx_DFP.1.3.0
                STMicroelectronics STM32H5 Series Device Support

<h2>Collection of Component include folders:</h2>
  .\RTE\_Bootloader_Fw_APR_Project
  C:\Users\ADMIN\AppData\Local\Arm\Packs\ARM\CMSIS\5.9.0\CMSIS\Core\Include
  C:\Users\ADMIN\AppData\Local\Arm\Packs\Keil\STM32H5xx_DFP\1.3.0\Drivers\CMSIS\Device\ST\STM32H5xx\Include

<h2>Collection of Component Files used:</h2>

   * Component: ARM::CMSIS:CORE:5.6.0
      Include file:  CMSIS\Core\Include\tz_context.h
Build Time Elapsed:  00:00:04
</pre>
</body>
</html>
